###############################################################################
#
# IAR ELF Linker V3.10.1.201 for STM8                     07/Mar/2020  22:51:40
# Copyright 2010-2017 IAR Systems AB.
#
#    Output file  =  
#        D:\6_workSpace\55_lora\4_node\3_ASR6505\7_code\github\asr6505_sdk_at_lorawan\Projects\LoRaATCmd\EWSTM8\Debug\Exe\project.out
#    Map file     =  
#        D:\6_workSpace\55_lora\4_node\3_ASR6505\7_code\github\asr6505_sdk_at_lorawan\Projects\LoRaATCmd\EWSTM8\Debug\List\project.map
#    Command line =  
#        -f C:\Users\yanke\AppData\Local\Temp\EWB2BC.tmp
#        (D:\6_workSpace\55_lora\4_node\3_ASR6505\7_code\github\asr6505_sdk_at_lorawan\Projects\LoRaATCmd\EWSTM8\Debug\Obj\aes.o
#        D:\6_workSpace\55_lora\4_node\3_ASR6505\7_code\github\asr6505_sdk_at_lorawan\Projects\LoRaATCmd\EWSTM8\Debug\Obj\at_command.o
#        D:\6_workSpace\55_lora\4_node\3_ASR6505\7_code\github\asr6505_sdk_at_lorawan\Projects\LoRaATCmd\EWSTM8\Debug\Obj\board.o
#        D:\6_workSpace\55_lora\4_node\3_ASR6505\7_code\github\asr6505_sdk_at_lorawan\Projects\LoRaATCmd\EWSTM8\Debug\Obj\cmac.o
#        D:\6_workSpace\55_lora\4_node\3_ASR6505\7_code\github\asr6505_sdk_at_lorawan\Projects\LoRaATCmd\EWSTM8\Debug\Obj\delay-board.o
#        D:\6_workSpace\55_lora\4_node\3_ASR6505\7_code\github\asr6505_sdk_at_lorawan\Projects\LoRaATCmd\EWSTM8\Debug\Obj\delay.o
#        D:\6_workSpace\55_lora\4_node\3_ASR6505\7_code\github\asr6505_sdk_at_lorawan\Projects\LoRaATCmd\EWSTM8\Debug\Obj\gpio-board.o
#        D:\6_workSpace\55_lora\4_node\3_ASR6505\7_code\github\asr6505_sdk_at_lorawan\Projects\LoRaATCmd\EWSTM8\Debug\Obj\gpio.o
#        D:\6_workSpace\55_lora\4_node\3_ASR6505\7_code\github\asr6505_sdk_at_lorawan\Projects\LoRaATCmd\EWSTM8\Debug\Obj\linkwan.o
#        D:\6_workSpace\55_lora\4_node\3_ASR6505\7_code\github\asr6505_sdk_at_lorawan\Projects\LoRaATCmd\EWSTM8\Debug\Obj\LoRaMac.o
#        D:\6_workSpace\55_lora\4_node\3_ASR6505\7_code\github\asr6505_sdk_at_lorawan\Projects\LoRaATCmd\EWSTM8\Debug\Obj\LoRaMacCrypto.o
#        D:\6_workSpace\55_lora\4_node\3_ASR6505\7_code\github\asr6505_sdk_at_lorawan\Projects\LoRaATCmd\EWSTM8\Debug\Obj\lwan_config.o
#        D:\6_workSpace\55_lora\4_node\3_ASR6505\7_code\github\asr6505_sdk_at_lorawan\Projects\LoRaATCmd\EWSTM8\Debug\Obj\main.o
#        D:\6_workSpace\55_lora\4_node\3_ASR6505\7_code\github\asr6505_sdk_at_lorawan\Projects\LoRaATCmd\EWSTM8\Debug\Obj\radio.o
#        D:\6_workSpace\55_lora\4_node\3_ASR6505\7_code\github\asr6505_sdk_at_lorawan\Projects\LoRaATCmd\EWSTM8\Debug\Obj\Region.o
#        D:\6_workSpace\55_lora\4_node\3_ASR6505\7_code\github\asr6505_sdk_at_lorawan\Projects\LoRaATCmd\EWSTM8\Debug\Obj\RegionCN470.o
#        D:\6_workSpace\55_lora\4_node\3_ASR6505\7_code\github\asr6505_sdk_at_lorawan\Projects\LoRaATCmd\EWSTM8\Debug\Obj\RegionCommon.o
#        D:\6_workSpace\55_lora\4_node\3_ASR6505\7_code\github\asr6505_sdk_at_lorawan\Projects\LoRaATCmd\EWSTM8\Debug\Obj\spi-board.o
#        D:\6_workSpace\55_lora\4_node\3_ASR6505\7_code\github\asr6505_sdk_at_lorawan\Projects\LoRaATCmd\EWSTM8\Debug\Obj\stm8_interrupt_vector.o
#        D:\6_workSpace\55_lora\4_node\3_ASR6505\7_code\github\asr6505_sdk_at_lorawan\Projects\LoRaATCmd\EWSTM8\Debug\Obj\stm8l15x_aes.o
#        D:\6_workSpace\55_lora\4_node\3_ASR6505\7_code\github\asr6505_sdk_at_lorawan\Projects\LoRaATCmd\EWSTM8\Debug\Obj\stm8l15x_clk.o
#        D:\6_workSpace\55_lora\4_node\3_ASR6505\7_code\github\asr6505_sdk_at_lorawan\Projects\LoRaATCmd\EWSTM8\Debug\Obj\stm8l15x_dma.o
#        D:\6_workSpace\55_lora\4_node\3_ASR6505\7_code\github\asr6505_sdk_at_lorawan\Projects\LoRaATCmd\EWSTM8\Debug\Obj\stm8l15x_exti.o
#        D:\6_workSpace\55_lora\4_node\3_ASR6505\7_code\github\asr6505_sdk_at_lorawan\Projects\LoRaATCmd\EWSTM8\Debug\Obj\stm8l15x_flash.o
#        D:\6_workSpace\55_lora\4_node\3_ASR6505\7_code\github\asr6505_sdk_at_lorawan\Projects\LoRaATCmd\EWSTM8\Debug\Obj\stm8l15x_gpio.o
#        D:\6_workSpace\55_lora\4_node\3_ASR6505\7_code\github\asr6505_sdk_at_lorawan\Projects\LoRaATCmd\EWSTM8\Debug\Obj\stm8l15x_i2c.o
#        D:\6_workSpace\55_lora\4_node\3_ASR6505\7_code\github\asr6505_sdk_at_lorawan\Projects\LoRaATCmd\EWSTM8\Debug\Obj\stm8l15x_it.o
#        D:\6_workSpace\55_lora\4_node\3_ASR6505\7_code\github\asr6505_sdk_at_lorawan\Projects\LoRaATCmd\EWSTM8\Debug\Obj\stm8l15x_iwdg.o
#        D:\6_workSpace\55_lora\4_node\3_ASR6505\7_code\github\asr6505_sdk_at_lorawan\Projects\LoRaATCmd\EWSTM8\Debug\Obj\stm8l15x_pwr.o
#        D:\6_workSpace\55_lora\4_node\3_ASR6505\7_code\github\asr6505_sdk_at_lorawan\Projects\LoRaATCmd\EWSTM8\Debug\Obj\stm8l15x_rtc.o
#        D:\6_workSpace\55_lora\4_node\3_ASR6505\7_code\github\asr6505_sdk_at_lorawan\Projects\LoRaATCmd\EWSTM8\Debug\Obj\stm8l15x_spi.o
#        D:\6_workSpace\55_lora\4_node\3_ASR6505\7_code\github\asr6505_sdk_at_lorawan\Projects\LoRaATCmd\EWSTM8\Debug\Obj\stm8l15x_syscfg.o
#        D:\6_workSpace\55_lora\4_node\3_ASR6505\7_code\github\asr6505_sdk_at_lorawan\Projects\LoRaATCmd\EWSTM8\Debug\Obj\stm8l15x_tim1.o
#        D:\6_workSpace\55_lora\4_node\3_ASR6505\7_code\github\asr6505_sdk_at_lorawan\Projects\LoRaATCmd\EWSTM8\Debug\Obj\stm8l15x_tim2.o
#        D:\6_workSpace\55_lora\4_node\3_ASR6505\7_code\github\asr6505_sdk_at_lorawan\Projects\LoRaATCmd\EWSTM8\Debug\Obj\stm8l15x_tim3.o
#        D:\6_workSpace\55_lora\4_node\3_ASR6505\7_code\github\asr6505_sdk_at_lorawan\Projects\LoRaATCmd\EWSTM8\Debug\Obj\stm8l15x_tim4.o
#        D:\6_workSpace\55_lora\4_node\3_ASR6505\7_code\github\asr6505_sdk_at_lorawan\Projects\LoRaATCmd\EWSTM8\Debug\Obj\stm8l15x_tim5.o
#        D:\6_workSpace\55_lora\4_node\3_ASR6505\7_code\github\asr6505_sdk_at_lorawan\Projects\LoRaATCmd\EWSTM8\Debug\Obj\stm8l15x_usart.o
#        D:\6_workSpace\55_lora\4_node\3_ASR6505\7_code\github\asr6505_sdk_at_lorawan\Projects\LoRaATCmd\EWSTM8\Debug\Obj\stm8l15x_wwdg.o
#        D:\6_workSpace\55_lora\4_node\3_ASR6505\7_code\github\asr6505_sdk_at_lorawan\Projects\LoRaATCmd\EWSTM8\Debug\Obj\sx1262-board.o
#        D:\6_workSpace\55_lora\4_node\3_ASR6505\7_code\github\asr6505_sdk_at_lorawan\Projects\LoRaATCmd\EWSTM8\Debug\Obj\sx126x.o
#        D:\6_workSpace\55_lora\4_node\3_ASR6505\7_code\github\asr6505_sdk_at_lorawan\Projects\LoRaATCmd\EWSTM8\Debug\Obj\timer.o
#        D:\6_workSpace\55_lora\4_node\3_ASR6505\7_code\github\asr6505_sdk_at_lorawan\Projects\LoRaATCmd\EWSTM8\Debug\Obj\utilities.o
#        --redirect _Printf=_PrintfFull --redirect _Scanf=_ScanfFullNoMb -o
#        D:\6_workSpace\55_lora\4_node\3_ASR6505\7_code\github\asr6505_sdk_at_lorawan\Projects\LoRaATCmd\EWSTM8\Debug\Exe\project.out
#        --map
#        D:\6_workSpace\55_lora\4_node\3_ASR6505\7_code\github\asr6505_sdk_at_lorawan\Projects\LoRaATCmd\EWSTM8\Debug\List\project.map
#        --config "C:\Program Files (x86)\IAR Systems\Embedded Workbench
#        8.0\stm8\config\lnkstm8l152m8.icf" --config_def _CSTACK_SIZE=0x100
#        --config_def _HEAP_SIZE=0x100
#        D:\6_workSpace\55_lora\4_node\3_ASR6505\7_code\github\asr6505_sdk_at_lorawan\Projects\LoRaATCmd\EWSTM8\..\..\..\Libraries\asrlib\IAR\asrlib.a
#        --entry __iar_program_start --debug_lib)
#
###############################################################################

*******************************************************************************
*** RUNTIME MODEL ATTRIBUTES
***

__SystemLibrary            = DLib
__code_model               = medium_or_large
__core                     = stm8
__data_model               = medium
__dlib_file_descriptor     = 0
__dlib_full_locale_support = 0
__rt_version               = 4


*******************************************************************************
*** PLACEMENT SUMMARY
***

"A0":  place at start of [0x000000-0x0000ff] { rw section .vregs };
"A1":  place at end of [0x000000-0x000fff] { block CSTACK };
"P2":  place in [from 0x000000 to 0x000fff] {
          block HEAP, rw section __DLIB_PERTHREAD, rw section .far.bss,
          rw section .far.data, rw section .far.noinit,
          rw section .far_func.textrw, rw section .huge.bss,
          rw section .huge.data, rw section .huge.noinit,
          rw section .huge_func.textrw, rw section .iar.dynexit,
          rw section .near.bss, rw section .near.data, rw section .near.noinit,
          rw section .near_func.textrw };
"A2":  place at start of [0x008000-0x00ffff] { block INTVEC };
"P3":  place in [from 0x008000 to 0x00ffff] {
          ro section __DLIB_PERTHREAD_init, ro section .far.data_init,
          ro section .far_func.textrw_init, ro section .huge.data_init,
          ro section .huge_func.textrw_init, ro section .iar.init_table,
          ro section .init_array, ro section .near.data_init,
          ro section .near.rodata, ro section .near_func.text,
          ro section .near_func.textrw_init, ro section .tiny.data_init,
          ro section .tiny.rodata_init };
"P4":  place in [from 0x008000 to 0x00ffff repeat 2] {
          ro section .far.rodata, ro section .far_func.text };
do not initialize {
   rw section .eeprom.noinit, rw section .far.noinit, rw section .huge.noinit,
   rw section .near.noinit, rw section .tiny.noinit, rw section .vregs };
initialize by copy {
   rw section .far.bss, rw section .far.data, rw section .far_func.textrw,
   rw section .huge.bss, rw section .huge.data, rw section .huge_func.textrw,
   rw section .iar.dynexit, rw section .near.bss, rw section .near.data,
   rw section .near_func.textrw, rw section .tiny.bss, rw section .tiny.data,
   ro section .tiny.rodata };

  Section            Kind      Address    Size  Object
  -------            ----      -------    ----  ------
"A0":                                     0x10
  .vregs             uninit   0x000000    0x10  vregs.o [5]
                            - 0x000010    0x10

"P2", part 1 of 2:                       0x11c
  P2-1                        0x000010   0x11c  <Init block>
    .near.data       inited   0x000010    0x7d  at_command.o [1]
    .near.data       inited   0x00008d     0x2  board.o [1]
    .near.data       inited   0x00008f     0x2  board.o [1]
    .near.data       inited   0x000091     0x1  board.o [1]
    .near.data       inited   0x000092     0x4  linkwan.o [1]
    .near.data       inited   0x000096     0x4  linkwan.o [1]
    .near.data       inited   0x00009a     0x1  linkwan.o [1]
    .near.data       inited   0x00009b     0x1  linkwan.o [1]
    .near.data       inited   0x00009c     0x1  linkwan.o [1]
    .near.data       inited   0x00009d     0x1  LoRaMac.o [1]
    .near.data       inited   0x00009e     0x1  LoRaMac.o [1]
    .near.data       inited   0x00009f     0x1  LoRaMac.o [1]
    .near.data       inited   0x0000a0    0x10  LoRaMacCrypto.o [1]
    .near.data       inited   0x0000b0    0x10  LoRaMacCrypto.o [1]
    .near.data       inited   0x0000c0     0x1  main.o [1]
    .near.data       inited   0x0000c1     0xf  main.o [1]
    .near.data       inited   0x0000d0    0x48  radio.o [1]
    .near.data       inited   0x000118     0x1  radio.o [1]
    .near.data       inited   0x000119     0xf  RegionCN470.o [1]
    .near.data       inited   0x000128     0x4  utilities.o [1]
                            - 0x00012c   0x11c

"P2", part 2 of 2:                       0xc4e
  .near.bss          zero     0x00012c   0x116  stm8l15x_it.o [1]
  .near.bss          zero     0x000242   0x115  LoRaMacCrypto.o [1]
  .near.bss          zero     0x000357    0xff  LoRaMac.o [1]
  .near.bss          zero     0x000456    0xff  LoRaMac.o [1]
  .near.bss          zero     0x000555    0xff  radio.o [1]
  .near.bss          zero     0x000654    0xf1  LoRaMacCrypto.o [1]
  .near.bss          zero     0x000745    0x82  linkwan.o [1]
  .near.bss          zero     0x0007c7    0x82  linkwan.o [1]
  .near.bss          zero     0x000849    0x80  LoRaMac.o [1]
  .near.bss          zero     0x0008c9    0x80  LoRaMac.o [1]
  .near.bss          zero     0x000949    0x80  radio.o [1]
  .near.bss          zero     0x0009c9    0x5a  lwan_config.o [1]
  .near.bss          zero     0x000a23    0x50  RegionCN470.o [1]
  .near.bss          zero     0x000a73    0x30  gpio-board.o [1]
  .near.bss          zero     0x000aa3    0x2f  LoRaMac.o [1]
  .near.bss          zero     0x000ad2    0x2f  LoRaMac.o [1]
  .near.bss          zero     0x000b01    0x19  LoRaMac.o [1]
  .near.bss          zero     0x000b1a    0x19  LoRaMac.o [1]
  .near.bss          zero     0x000b33    0x16  LoRaMac.o [1]
  .near.bss          zero     0x000b49    0x16  lwan_config.o [1]
  .near.bss          zero     0x000b5f    0x15  board.o [1]
  .near.bss          zero     0x000b74    0x15  LoRaMac.o [1]
  .near.bss          zero     0x000b89    0x12  LoRaMac.o [1]
  .near.bss          zero     0x000b9b    0x10  LoRaMac.o [1]
  .near.bss          zero     0x000bab    0x10  LoRaMac.o [1]
  .near.bss          zero     0x000bbb    0x10  LoRaMacCrypto.o [1]
  .near.bss          zero     0x000bcb    0x10  LoRaMacCrypto.o [1]
  .near.bss          zero     0x000bdb     0xf  lwan_config.o [1]
  .near.bss          zero     0x000bea     0xf  radio.o [1]
  .near.bss          zero     0x000bf9     0xe  board.o [1]
  .near.bss          zero     0x000c07     0xe  linkwan.o [1]
  .near.bss          zero     0x000c15     0xe  LoRaMac.o [1]
  .near.bss          zero     0x000c23     0xe  LoRaMac.o [1]
  .near.bss          zero     0x000c31     0xe  LoRaMac.o [1]
  .near.bss          zero     0x000c3f     0xe  LoRaMac.o [1]
  .near.bss          zero     0x000c4d     0xe  LoRaMac.o [1]
  .near.bss          zero     0x000c5b     0xe  radio.o [1]
  .near.bss          zero     0x000c69     0xe  radio.o [1]
  .near.bss          zero     0x000c77     0xc  linkwan.o [1]
  .near.bss          zero     0x000c83     0xc  LoRaMac.o [1]
  .near.bss          zero     0x000c8f     0xc  RegionCN470.o [1]
  .near.bss          zero     0x000c9b     0xc  RegionCN470.o [1]
  .near.bss          zero     0x000ca7     0xc  rtc-board.o [3]
  .near.bss          zero     0x000cb3     0x9  sx1262-board.o [1]
  .near.bss          zero     0x000cbc     0x7  rtc-board.o [3]
  .near.bss          zero     0x000cc3     0x4  linkwan.o [1]
  .near.bss          zero     0x000cc7     0x4  LoRaMac.o [1]
  .near.bss          zero     0x000ccb     0x4  LoRaMac.o [1]
  .near.bss          zero     0x000ccf     0x4  LoRaMac.o [1]
  .near.bss          zero     0x000cd3     0x4  LoRaMac.o [1]
  .near.bss          zero     0x000cd7     0x4  LoRaMac.o [1]
  .near.bss          zero     0x000cdb     0x4  LoRaMac.o [1]
  .near.bss          zero     0x000cdf     0x4  LoRaMac.o [1]
  .near.bss          zero     0x000ce3     0x4  LoRaMac.o [1]
  .near.bss          zero     0x000ce7     0x4  LoRaMac.o [1]
  .near.bss          zero     0x000ceb     0x4  LoRaMac.o [1]
  .near.bss          zero     0x000cef     0x4  LoRaMac.o [1]
  .near.bss          zero     0x000cf3     0x4  LoRaMac.o [1]
  .near.bss          zero     0x000cf7     0x4  radio.o [1]
  .near.bss          zero     0x000cfb     0x4  radio.o [1]
  .near.bss          zero     0x000cff     0x4  sx126x.o [1]
  .near.bss          zero     0x000d03     0x4  rtc-board.o [3]
  .near.bss          zero     0x000d07     0x4  rtc-board.o [3]
  .near.bss          zero     0x000d0b     0x4  rtc-board.o [3]
  .near.bss          zero     0x000d0f     0x4  rtc-board.o [3]
  .near.bss          zero     0x000d13     0x4  rtc-board.o [3]
  .near.bss          zero     0x000d17     0x3  linkwan.o [1]
  .near.bss          zero     0x000d1a     0x2  linkwan.o [1]
  .near.bss          zero     0x000d1c     0x2  linkwan.o [1]
  .near.bss          zero     0x000d1e     0x2  linkwan.o [1]
  .near.bss          zero     0x000d20     0x2  linkwan.o [1]
  .near.bss          zero     0x000d22     0x2  LoRaMac.o [1]
  .near.bss          zero     0x000d24     0x2  LoRaMac.o [1]
  .near.bss          zero     0x000d26     0x2  LoRaMac.o [1]
  .near.bss          zero     0x000d28     0x2  LoRaMac.o [1]
  .near.bss          zero     0x000d2a     0x2  LoRaMac.o [1]
  .near.bss          zero     0x000d2c     0x2  LoRaMac.o [1]
  .near.bss          zero     0x000d2e     0x2  LoRaMac.o [1]
  .near.bss          zero     0x000d30     0x2  LoRaMac.o [1]
  .near.bss          zero     0x000d32     0x2  LoRaMac.o [1]
  .near.bss          zero     0x000d34     0x2  radio.o [1]
  .near.bss          zero     0x000d36     0x2  radio.o [1]
  .near.bss          zero     0x000d38     0x2  spi-board.o [1]
  .near.bss          zero     0x000d3a     0x2  spi-board.o [1]
  .near.bss          zero     0x000d3c     0x2  spi-board.o [1]
  .near.bss          zero     0x000d3e     0x2  spi-board.o [1]
  .near.bss          zero     0x000d40     0x2  spi-board.o [1]
  .near.bss          zero     0x000d42     0x2  stm8l15x_it.o [1]
  .near.bss          zero     0x000d44     0x2  timer.o [1]
  .near.bss          zero     0x000d46     0x2  errno.o [5]
  .near.bss          zero     0x000d48     0x1  at_command.o [1]
  .near.bss          zero     0x000d49     0x1  board.o [1]
  .near.bss          zero     0x000d4a     0x1  board.o [1]
  .near.bss          zero     0x000d4b     0x1  board.o [1]
  .near.bss          zero     0x000d4c     0x1  board.o [1]
  .near.bss          zero     0x000d4d     0x1  linkwan.o [1]
  .near.bss          zero     0x000d4e     0x1  linkwan.o [1]
  .near.bss          zero     0x000d4f     0x1  linkwan.o [1]
  .near.bss          zero     0x000d50     0x1  linkwan.o [1]
  .near.bss          zero     0x000d51     0x1  LoRaMac.o [1]
  .near.bss          zero     0x000d52     0x1  LoRaMac.o [1]
  .near.bss          zero     0x000d53     0x1  LoRaMac.o [1]
  .near.bss          zero     0x000d54     0x1  LoRaMac.o [1]
  .near.bss          zero     0x000d55     0x1  LoRaMac.o [1]
  .near.bss          zero     0x000d56     0x1  LoRaMac.o [1]
  .near.bss          zero     0x000d57     0x1  LoRaMac.o [1]
  .near.bss          zero     0x000d58     0x1  LoRaMac.o [1]
  .near.bss          zero     0x000d59     0x1  LoRaMac.o [1]
  .near.bss          zero     0x000d5a     0x1  LoRaMac.o [1]
  .near.bss          zero     0x000d5b     0x1  LoRaMac.o [1]
  .near.bss          zero     0x000d5c     0x1  LoRaMac.o [1]
  .near.bss          zero     0x000d5d     0x1  LoRaMac.o [1]
  .near.bss          zero     0x000d5e     0x1  LoRaMac.o [1]
  .near.bss          zero     0x000d5f     0x1  LoRaMac.o [1]
  .near.bss          zero     0x000d60     0x1  LoRaMac.o [1]
  .near.bss          zero     0x000d61     0x1  LoRaMac.o [1]
  .near.bss          zero     0x000d62     0x1  LoRaMac.o [1]
  .near.bss          zero     0x000d63     0x1  LoRaMac.o [1]
  .near.bss          zero     0x000d64     0x1  LoRaMac.o [1]
  .near.bss          zero     0x000d65     0x1  LoRaMac.o [1]
  .near.bss          zero     0x000d66     0x1  LoRaMac.o [1]
  .near.bss          zero     0x000d67     0x1  LoRaMac.o [1]
  .near.bss          zero     0x000d68     0x1  LoRaMac.o [1]
  .near.bss          zero     0x000d69     0x1  LoRaMac.o [1]
  .near.bss          zero     0x000d6a     0x1  LoRaMac.o [1]
  .near.bss          zero     0x000d6b     0x1  radio.o [1]
  .near.bss          zero     0x000d6c     0x1  radio.o [1]
  .near.bss          zero     0x000d6d     0x1  spi-board.o [1]
  .near.bss          zero     0x000d6e     0x1  stm8l15x_it.o [1]
  .near.bss          zero     0x000d6f     0x1  sx1262-board.o [1]
  .near.bss          zero     0x000d70     0x1  sx126x.o [1]
  .near.bss          zero     0x000d71     0x1  sx126x.o [1]
  .near.bss          zero     0x000d72     0x1  sx126x.o [1]
  .near.bss          zero     0x000d73     0x1  timer.o [1]
  .near.bss          zero     0x000d74     0x1  rtc-board.o [3]
  .near.bss          zero     0x000d75     0x1  rtc-board.o [3]
  .near.bss          zero     0x000d76     0x1  rtc-board.o [3]
  .near.bss          zero     0x000d77     0x1  rtc-board.o [3]
  .near.bss          zero     0x000d78     0x1  rtc-board.o [3]
  .near.bss          zero     0x000d79     0x1  rtc-board.o [3]
                            - 0x000d7a   0xc4e

"A1":                                    0x100
  CSTACK                      0x000f00   0x100  <Block>
    CSTACK           uninit   0x000f00   0x100  <Block tail>
                            - 0x001000   0x100

"A2":                                     0x80
  INTVEC                      0x008000    0x80  <Block>
    .intvec          const    0x008000    0x80  interrupt.o [5]
                            - 0x008080    0x80

"P3":                                    0xf12
  Initializer bytes  const    0x008080   0x11c  <for P2-1>
  .near.rodata       const    0x00819c   0x100  aes.o [1]
  .near.rodata       const    0x00829c   0x100  aes.o [1]
  .near.rodata       const    0x00839c   0x100  aes.o [1]
  .near.rodata       const    0x00849c    0x6e  radio.o [1]
  .near.rodata       const    0x00850a    0x5a  linkwan.o [1]
  .near.rodata       const    0x008564    0x5a  linkwan.o [1]
  .near.rodata       const    0x0085be    0x51  radio.o [1]
  .near.rodata       const    0x00860f    0x4c  at_command.o [1]
  .near.rodata       const    0x00865b    0x3c  at_command.o [1]
  .near_func.text    const    0x008697    0x3c  xprintffull.o [5]
  .near.rodata       const    0x0086d3    0x39  at_command.o [1]
  .near.rodata       const    0x00870c    0x37  at_command.o [1]
  .near.rodata       const    0x008743    0x36  at_command.o [1]
  .near.rodata       const    0x008779    0x33  at_command.o [1]
  .near.rodata       const    0x0087ac    0x33  linkwan.o [1]
  .near.rodata       const    0x0087df    0x32  linkwan.o [1]
  .near.rodata       const    0x008811    0x32  linkwan.o [1]
  .near.rodata       const    0x008843    0x2c  at_command.o [1]
  .near.rodata       const    0x00886f    0x29  at_command.o [1]
  .near.rodata       const    0x008898    0x29  linkwan.o [1]
  .near.rodata       const    0x0088c1    0x25  xstoul.o [5]
  .near.rodata       const    0x0088e6    0x25  xstoul.o [5]
  .near.rodata       const    0x00890b    0x24  linkwan.o [1]
  .near.rodata       const    0x00892f    0x22  linkwan.o [1]
  .iar.init_table    const    0x008951    0x14  - Linker created -
  .near.rodata       const    0x008965    0x20  lwan_config.o [1]
  .near.rodata       const    0x008985    0x1f  at_command.o [1]
  .near.rodata       const    0x0089a4    0x1e  at_command.o [1]
  .near.rodata       const    0x0089c2    0x1e  at_command.o [1]
  .near.rodata       const    0x0089e0    0x1e  RegionCN470.o [1]
  .near.rodata       const    0x0089fe    0x1e  RegionCN470.o [1]
  .near.rodata       const    0x008a1c    0x1d  at_command.o [1]
  .near.rodata       const    0x008a39    0x1d  at_command.o [1]
  .near.rodata       const    0x008a56    0x1d  at_command.o [1]
  .near.rodata       const    0x008a73    0x1c  at_command.o [1]
  .near.rodata       const    0x008a8f    0x1a  main.o [1]
  .near.rodata       const    0x008aa9    0x19  linkwan.o [1]
  .near.rodata       const    0x008ac2    0x18  RegionCN470.o [1]
  .near_func.text    const    0x008ada    0x18  lwan_config.o [1]
  .near_func.text    const    0x008af2    0x18  lwan_config.o [1]
  .near.rodata       const    0x008b0a    0x17  at_command.o [1]
  .near.rodata       const    0x008b21    0x17  linkwan.o [1]
  .near.rodata       const    0x008b38    0x16  linkwan.o [1]
  .near.rodata       const    0x008b4e    0x14  at_command.o [1]
  .near.rodata       const    0x008b62    0x14  at_command.o [1]
  .near.rodata       const    0x008b76    0x14  linkwan.o [1]
  .near.rodata       const    0x008b8a    0x14  main.o [1]
  .near.rodata       const    0x008b9e    0x13  at_command.o [1]
  .near.rodata       const    0x008bb1    0x12  at_command.o [1]
  .near.rodata       const    0x008bc3    0x12  at_command.o [1]
  .near.rodata       const    0x008bd5    0x12  at_command.o [1]
  .near.rodata       const    0x008be7    0x12  at_command.o [1]
  .near.rodata       const    0x008bf9    0x12  linkwan.o [1]
  .near.rodata       const    0x008c0b    0x11  at_command.o [1]
  .near.rodata       const    0x008c1c    0x11  at_command.o [1]
  .near.rodata       const    0x008c2d    0x11  at_command.o [1]
  .near.rodata       const    0x008c3e    0x11  linkwan.o [1]
  .near.rodata       const    0x008c4f    0x11  linkwan.o [1]
  .near.rodata       const    0x008c60    0x10  at_command.o [1]
  .near.rodata       const    0x008c70    0x10  at_command.o [1]
  .near.rodata       const    0x008c80    0x10  at_command.o [1]
  .near.rodata       const    0x008c90    0x10  at_command.o [1]
  .near.rodata       const    0x008ca0    0x10  linkwan.o [1]
  .near.rodata       const    0x008cb0    0x10  linkwan.o [1]
  .near.rodata       const    0x008cc0    0x10  LoRaMac.o [1]
  .near.rodata       const    0x008cd0    0x10  lwan_config.o [1]
  .near.rodata       const    0x008ce0    0x10  lwan_config.o [1]
  .near.rodata       const    0x008cf0    0x10  lwan_config.o [1]
  .near.rodata       const    0x008d00     0xf  at_command.o [1]
  .near.rodata       const    0x008d0f     0xf  linkwan.o [1]
  .near.rodata       const    0x008d1e     0xf  linkwan.o [1]
  .near.rodata       const    0x008d2d     0xe  at_command.o [1]
  .near.rodata       const    0x008d3b     0xe  at_command.o [1]
  .near.rodata       const    0x008d49     0xe  linkwan.o [1]
  .near.rodata       const    0x008d57     0xd  linkwan.o [1]
  .near.rodata       const    0x008d64     0xc  at_command.o [1]
  .near.rodata       const    0x008d70     0xc  at_command.o [1]
  .near.rodata       const    0x008d7c     0xc  linkwan.o [1]
  .near.rodata       const    0x008d88     0xc  RegionCN470.o [1]
  .near.rodata       const    0x008d94     0xc  rtc-board.o [3]
  .near.rodata       const    0x008da0     0xc  rtc-board.o [3]
  .near.rodata       const    0x008dac     0xb  at_command.o [1]
  .near.rodata       const    0x008db7     0xb  at_command.o [1]
  .near.rodata       const    0x008dc2     0xb  at_command.o [1]
  .near.rodata       const    0x008dcd     0xb  at_command.o [1]
  .near.rodata       const    0x008dd8     0xb  at_command.o [1]
  .near.rodata       const    0x008de3     0xb  at_command.o [1]
  .near.rodata       const    0x008dee     0xa  at_command.o [1]
  .near.rodata       const    0x008df8     0xa  at_command.o [1]
  .near.rodata       const    0x008e02     0xa  at_command.o [1]
  .near.rodata       const    0x008e0c     0xa  at_command.o [1]
  .near.rodata       const    0x008e16     0xa  at_command.o [1]
  .near.rodata       const    0x008e20     0xa  linkwan.o [1]
  .near.rodata       const    0x008e2a     0xa  linkwan.o [1]
  .near.rodata       const    0x008e34     0x9  at_command.o [1]
  .near.rodata       const    0x008e3d     0x9  at_command.o [1]
  .near.rodata       const    0x008e46     0x9  at_command.o [1]
  .near.rodata       const    0x008e4f     0x9  at_command.o [1]
  .near.rodata       const    0x008e58     0x9  at_command.o [1]
  .near.rodata       const    0x008e61     0x9  linkwan.o [1]
  .near.rodata       const    0x008e6a     0x9  main.o [1]
  .near.rodata       const    0x008e73     0x9  sx126x.o [1]
  .near.rodata       const    0x008e7c     0x8  at_command.o [1]
  .near.rodata       const    0x008e84     0x8  at_command.o [1]
  .near.rodata       const    0x008e8c     0x8  radio.o [1]
  .near.rodata       const    0x008e94     0x8  radio.o [1]
  .near.rodata       const    0x008e9c     0x8  RegionCN470.o [1]
  .near.rodata       const    0x008ea4     0x8  sx126x.o [1]
  .near.rodata       const    0x008eac     0x7  at_command.o [1]
  .near.rodata       const    0x008eb3     0x7  at_command.o [1]
  .near.rodata       const    0x008eba     0x7  at_command.o [1]
  .near.rodata       const    0x008ec1     0x7  linkwan.o [1]
  .near.rodata       const    0x008ec8     0x7  xprintffull.o [5]
  .near.rodata       const    0x008ecf     0x6  at_command.o [1]
  .near.rodata       const    0x008ed5     0x6  at_command.o [1]
  .near.rodata       const    0x008edb     0x6  at_command.o [1]
  .near.rodata       const    0x008ee1     0x6  at_command.o [1]
  .near.rodata       const    0x008ee7     0x6  at_command.o [1]
  .near.rodata       const    0x008eed     0x6  at_command.o [1]
  .near.rodata       const    0x008ef3     0x6  at_command.o [1]
  .near.rodata       const    0x008ef9     0x6  linkwan.o [1]
  .near.rodata       const    0x008eff     0x6  linkwan.o [1]
  .near.rodata       const    0x008f05     0x6  linkwan.o [1]
  .near.rodata       const    0x008f0b     0x6  linkwan.o [1]
  .near.rodata       const    0x008f11     0x6  lwan_config.o [1]
  .near.rodata       const    0x008f17     0x6  main.o [1]
  .near.rodata       const    0x008f1d     0x6  RegionCN470.o [1]
  .near.rodata       const    0x008f23     0x6  RegionCN470.o [1]
  .near.rodata       const    0x008f29     0x6  RegionCN470.o [1]
  .near.rodata       const    0x008f2f     0x5  at_command.o [1]
  .near.rodata       const    0x008f34     0x5  at_command.o [1]
  .near.rodata       const    0x008f39     0x5  at_command.o [1]
  .near.rodata       const    0x008f3e     0x5  at_command.o [1]
  .near.rodata       const    0x008f43     0x5  linkwan.o [1]
  .near.rodata       const    0x008f48     0x5  stm8l15x_clk.o [1]
  .near.rodata       const    0x008f4d     0x4  at_command.o [1]
  .near.rodata       const    0x008f51     0x4  Region.o [1]
  .near.rodata       const    0x008f55     0x4  RegionCN470.o [1]
  .near.rodata       const    0x008f59     0x4  rtc-board.o [3]
  .near.rodata       const    0x008f5d     0x4  rtc-board.o [3]
  .near.rodata       const    0x008f61     0x4  rtc-board.o [3]
  .near.rodata       const    0x008f65     0x4  xprintffull.o [5]
  .near.rodata       const    0x008f69     0x4  xprintffull.o [5]
  .near.rodata       const    0x008f6d     0x4  xprintffull.o [5]
  .near.rodata       const    0x008f71     0x4  xprintffull.o [5]
  .near.rodata       const    0x008f75     0x3  at_command.o [1]
  .near.rodata       const    0x008f78     0x3  at_command.o [1]
  .near.rodata       const    0x008f7b     0x3  linkwan.o [1]
  .near.rodata       const    0x008f7e     0x3  main.o [1]
  .near.rodata       const    0x008f81     0x3  radio.o [1]
  .near.rodata       const    0x008f84     0x2  at_command.o [1]
  .near.rodata       const    0x008f86     0x2  linkwan.o [1]
  .near.rodata       const    0x008f88     0x2  rtc-board.o [3]
  .near.rodata       const    0x008f8a     0x2  xprintffull.o [5]
  .near.rodata       const    0x008f8c     0x1  board.o [1]
  .near.rodata       const    0x008f8d     0x1  board.o [1]
  .near.rodata       const    0x008f8e     0x1  board.o [1]
  .near.rodata       const    0x008f8f     0x1  radio.o [1]
  .near.rodata       const    0x008f90     0x1  rtc-board.o [3]
  .near.rodata       const    0x008f91     0x1  rtc-board.o [3]
                            - 0x008f92   0xf12

"P4", part 1 of 2:                      0x5d11
  .far_func.text     ro code  0x008f92  0x16a7  LoRaMac.o [1]
  .far_func.text     ro code  0x00a639   0x8a7  lwan_config.o [1]
  .far_func.text     ro code  0x00aee0   0x6ee  LoRaMac.o [1]
  .far_func.text     ro code  0x00b5ce   0x50d  float.o [5]
  .far_func.text     ro code  0x00badb   0x47a  xprintffull.o [5]
  .far_func.text     ro code  0x00bf55   0x477  xprintffull.o [5]
  .far_func.text     ro code  0x00c3cc   0x3b3  LoRaMac.o [1]
  .far_func.text     ro code  0x00c77f   0x3b0  xprintffull.o [5]
  .far_func.text     ro code  0x00cb2f   0x374  pow.o [5]
  .far_func.text     ro code  0x00cea3   0x34d  linkwan.o [1]
  .far_func.text     ro code  0x00d1f0   0x2fb  linkwan.o [1]
  .far_func.text     ro code  0x00d4eb   0x282  long.o [5]
  .far_func.text     ro code  0x00d76d   0x26b  xexp.o [5]
  .far_func.text     ro code  0x00d9d8   0x24a  aes.o [1]
  .far_func.text     ro code  0x00dc22   0x236  at_command.o [1]
  .far_func.text     ro code  0x00de58   0x234  vreg_util.o [5]
  .far_func.text     ro code  0x00e08c   0x215  LoRaMacCrypto.o [1]
  .far_func.text     ro code  0x00e2a1   0x1dc  xstoul.o [5]
  .far_func.text     ro code  0x00e47d   0x1d6  linkwan.o [1]
  .far_func.text     ro code  0x00e653   0x1ca  rtc-board.o [3]
  .far_func.text     ro code  0x00e81d   0x1aa  rtc-board.o [3]
  .far_func.text     ro code  0x00e9c7     0x9  xprintffull.o [5]
  .far_func.text     ro code  0x00e9d0     0x8  aes.o [1]
  .far_func.text     ro code  0x00e9d8     0x8  aes.o [1]
  .far_func.text     ro code  0x00e9e0     0x8  at_command.o [1]
  .far_func.text     ro code  0x00e9e8     0x8  at_command.o [1]
  .far_func.text     ro code  0x00e9f0     0x8  at_command.o [1]
  .far_func.text     ro code  0x00e9f8     0x8  at_command.o [1]
  .far_func.text     ro code  0x00ea00     0x8  at_command.o [1]
  .far_func.text     ro code  0x00ea08     0x8  at_command.o [1]
  .far_func.text     ro code  0x00ea10     0x8  board.o [1]
  .far_func.text     ro code  0x00ea18     0x8  linkwan.o [1]
  .far_func.text     ro code  0x00ea20     0x8  linkwan.o [1]
  .far_func.text     ro code  0x00ea28     0x8  linkwan.o [1]
  .far_func.text     ro code  0x00ea30     0x8  linkwan.o [1]
  .far_func.text     ro code  0x00ea38     0x8  linkwan.o [1]
  .far_func.text     ro code  0x00ea40     0x8  linkwan.o [1]
  .far_func.text     ro code  0x00ea48     0x8  linkwan.o [1]
  .far_func.text     ro code  0x00ea50     0x8  LoRaMac.o [1]
  .far_func.text     ro code  0x00ea58     0x8  LoRaMac.o [1]
  .far_func.text     ro code  0x00ea60     0x8  LoRaMac.o [1]
  .far_func.text     ro code  0x00ea68     0x8  LoRaMac.o [1]
  .far_func.text     ro code  0x00ea70     0x8  LoRaMac.o [1]
  .far_func.text     ro code  0x00ea78     0x8  LoRaMac.o [1]
  .far_func.text     ro code  0x00ea80     0x8  lwan_config.o [1]
  .far_func.text     ro code  0x00ea88     0x8  radio.o [1]
  .far_func.text     ro code  0x00ea90     0x8  radio.o [1]
  .far_func.text     ro code  0x00ea98     0x8  radio.o [1]
  .far_func.text     ro code  0x00eaa0     0x8  RegionCN470.o [1]
  .far_func.text     ro code  0x00eaa8     0x8  RegionCN470.o [1]
  .far_func.text     ro code  0x00eab0     0x8  RegionCommon.o [1]
  .far_func.text     ro code  0x00eab8     0x8  spi-board.o [1]
  .far_func.text     ro code  0x00eac0     0x8  stm8l15x_rtc.o [1]
  .far_func.text     ro code  0x00eac8     0x8  stm8l15x_rtc.o [1]
  .far_func.text     ro code  0x00ead0     0x8  stm8l15x_rtc.o [1]
  .far_func.text     ro code  0x00ead8     0x8  sx1262-board.o [1]
  .far_func.text     ro code  0x00eae0     0x8  sx126x.o [1]
  .far_func.text     ro code  0x00eae8     0x8  timer.o [1]
  .far_func.text     ro code  0x00eaf0     0x8  xprintffull.o [5]
  .far_func.text     ro code  0x00eaf8     0x7  aes.o [1]
  .far_func.text     ro code  0x00eaff     0x7  aes.o [1]
  .far_func.text     ro code  0x00eb06     0x7  at_command.o [1]
  .far_func.text     ro code  0x00eb0d     0x7  at_command.o [1]
  .far_func.text     ro code  0x00eb14     0x7  at_command.o [1]
  .far_func.text     ro code  0x00eb1b     0x7  at_command.o [1]
  .far_func.text     ro code  0x00eb22     0x7  at_command.o [1]
  .far_func.text     ro code  0x00eb29     0x7  linkwan.o [1]
  .far_func.text     ro code  0x00eb30     0x7  linkwan.o [1]
  .far_func.text     ro code  0x00eb37     0x7  linkwan.o [1]
  .far_func.text     ro code  0x00eb3e     0x7  LoRaMac.o [1]
  .far_func.text     ro code  0x00eb45     0x7  LoRaMac.o [1]
  .far_func.text     ro code  0x00eb4c     0x7  LoRaMac.o [1]
  .far_func.text     ro code  0x00eb53     0x7  LoRaMac.o [1]
  .far_func.text     ro code  0x00eb5a     0x7  lwan_config.o [1]
  .far_func.text     ro code  0x00eb61     0x7  radio.o [1]
  .far_func.text     ro code  0x00eb68     0x7  radio.o [1]
  .far_func.text     ro code  0x00eb6f     0x7  stm8l15x_gpio.o [1]
  .far_func.text     ro code  0x00eb76     0x7  stm8l15x_it.o [1]
  .far_func.text     ro code  0x00eb7d     0x7  sx126x.o [1]
  .far_func.text     ro code  0x00eb84     0x7  sx126x.o [1]
  .far_func.text     ro code  0x00eb8b     0x7  sx126x.o [1]
  .far_func.text     ro code  0x00eb92     0x7  timer.o [1]
  .far_func.text     ro code  0x00eb99     0x7  utilities.o [1]
  .far_func.text     ro code  0x00eba0     0x7  xprintffull.o [5]
  .far_func.text     ro code  0x00eba7     0x6  aes.o [1]
  .far_func.text     ro code  0x00ebad     0x6  aes.o [1]
  .far_func.text     ro code  0x00ebb3     0x6  at_command.o [1]
  .far_func.text     ro code  0x00ebb9     0x6  linkwan.o [1]
  .far_func.text     ro code  0x00ebbf     0x6  LoRaMac.o [1]
  .far_func.text     ro code  0x00ebc5     0x6  lwan_config.o [1]
  .far_func.text     ro code  0x00ebcb     0x6  radio.o [1]
  .far_func.text     ro code  0x00ebd1     0x6  stm8l15x_rtc.o [1]
  .far_func.text     ro code  0x00ebd7     0x6  sx1262-board.o [1]
  .far_func.text     ro code  0x00ebdd     0x6  cexit.o [5]
  .far_func.text     ro code  0x00ebe3     0x5  at_command.o [1]
  .far_func.text     ro code  0x00ebe8     0x5  at_command.o [1]
  .far_func.text     ro code  0x00ebed     0x5  board.o [1]
  .far_func.text     ro code  0x00ebf2     0x5  linkwan.o [1]
  .far_func.text     ro code  0x00ebf7     0x5  LoRaMac.o [1]
  .far_func.text     ro code  0x00ebfc     0x5  lwan_config.o [1]
  .far_func.text     ro code  0x00ec01     0x5  radio.o [1]
  .far_func.text     ro code  0x00ec06     0x5  radio.o [1]
  .far_func.text     ro code  0x00ec0b     0x5  radio.o [1]
  .far_func.text     ro code  0x00ec10     0x5  stm8l15x_spi.o [1]
  .far_func.text     ro code  0x00ec15     0x5  stm8l15x_spi.o [1]
  .far_func.text     ro code  0x00ec1a     0x5  stm8l15x_usart.o [1]
  .far_func.text     ro code  0x00ec1f     0x5  sx1262-board.o [1]
  .far_func.text     ro code  0x00ec24     0x4  delay.o [1]
  .far_func.text     ro code  0x00ec28     0x4  gpio.o [1]
  .far_func.text     ro code  0x00ec2c     0x4  gpio.o [1]
  .far_func.text     ro code  0x00ec30     0x4  gpio.o [1]
  .far_func.text     ro code  0x00ec34     0x4  gpio.o [1]
  .far_func.text     ro code  0x00ec38     0x4  linkwan.o [1]
  .far_func.text     ro code  0x00ec3c     0x4  radio.o [1]
  .far_func.text     ro code  0x00ec40     0x4  radio.o [1]
  .far_func.text     ro code  0x00ec44     0x4  radio.o [1]
  .far_func.text     ro code  0x00ec48     0x4  radio.o [1]
  .far_func.text     ro code  0x00ec4c     0x4  stm8l15x_clk.o [1]
  .far_func.text     ro code  0x00ec50     0x4  stm8l15x_flash.o [1]
  .far_func.text     ro code  0x00ec54     0x4  sx126x.o [1]
  .far_func.text     ro code  0x00ec58     0x4  sx126x.o [1]
  .far_func.text     ro code  0x00ec5c     0x4  sx126x.o [1]
  .far_func.text     ro code  0x00ec60     0x4  timer.o [1]
  .far_func.text     ro code  0x00ec64     0x4  timer.o [1]
  .far_func.text     ro code  0x00ec68     0x4  exit.o [5]
  .far_func.text     ro code  0x00ec6c     0x3  board.o [1]
  .far_func.text     ro code  0x00ec6f     0x3  radio.o [1]
  .far_func.text     ro code  0x00ec72     0x3  RegionCN470.o [1]
  .far_func.text     ro code  0x00ec75     0x3  stm8l15x_usart.o [1]
  .far_func.text     ro code  0x00ec78     0x3  stm8l15x_usart.o [1]
  .far_func.text     ro code  0x00ec7b     0x3  sx1262-board.o [1]
  .far_func.text     ro code  0x00ec7e     0x3  low_level_init.o [5]
  .far_func.text     ro code  0x00ec81     0x3  unhandled_exception.o [5]
  .far_func.text     ro code  0x00ec84     0x2  board.o [1]
  .far_func.text     ro code  0x00ec86     0x2  board.o [1]
  .far_func.text     ro code  0x00ec88     0x2  board.o [1]
  .far_func.text     ro code  0x00ec8a     0x2  RegionCN470.o [1]
  .far_func.text     ro code  0x00ec8c     0x2  RegionCN470.o [1]
  .far_func.text     ro code  0x00ec8e     0x1  RegionCN470.o [1]
  .far_func.text     ro code  0x00ec8f     0x1  stm8l15x_it.o [1]
  .far_func.text     ro code  0x00ec90     0x1  stm8l15x_it.o [1]
  .far_func.text     ro code  0x00ec91     0x1  stm8l15x_it.o [1]
  .far_func.text     ro code  0x00ec92     0x1  stm8l15x_it.o [1]
  .far_func.text     ro code  0x00ec93     0x1  stm8l15x_it.o [1]
  .far_func.text     ro code  0x00ec94     0x1  stm8l15x_it.o [1]
  .far_func.text     ro code  0x00ec95     0x1  stm8l15x_it.o [1]
  .far_func.text     ro code  0x00ec96     0x1  stm8l15x_it.o [1]
  .far_func.text     ro code  0x00ec97     0x1  stm8l15x_it.o [1]
  .far_func.text     ro code  0x00ec98     0x1  stm8l15x_it.o [1]
  .far_func.text     ro code  0x00ec99     0x1  stm8l15x_it.o [1]
  .far_func.text     ro code  0x00ec9a     0x1  stm8l15x_it.o [1]
  .far_func.text     ro code  0x00ec9b     0x1  stm8l15x_it.o [1]
  .far_func.text     ro code  0x00ec9c     0x1  stm8l15x_it.o [1]
  .far_func.text     ro code  0x00ec9d     0x1  stm8l15x_it.o [1]
  .far_func.text     ro code  0x00ec9e     0x1  stm8l15x_it.o [1]
  .far_func.text     ro code  0x00ec9f     0x1  stm8l15x_it.o [1]
  .far_func.text     ro code  0x00eca0     0x1  stm8l15x_it.o [1]
  .far_func.text     ro code  0x00eca1     0x1  stm8l15x_it.o [1]
  .far_func.text     ro code  0x00eca2     0x1  __dbg_break.o [4]
                            - 0x00eca3  0x5d11

"P4", part 2 of 2:                      0x7ade
  .far_func.text     ro code  0x010000   0x1a9  radio.o [1]
  .far_func.text     ro code  0x0101a9   0x1a7  RegionCN470.o [1]
  .far_func.text     ro code  0x010350   0x191  linkwan.o [1]
  .far_func.text     ro code  0x0104e1   0x18d  radio.o [1]
  .far_func.text     ro code  0x01066e   0x18c  RegionCN470.o [1]
  .far_func.text     ro code  0x0107fa   0x182  float_libsup.o [5]
  .far_func.text     ro code  0x01097c   0x181  xprintffull.o [5]
  .far_func.text     ro code  0x010afd   0x170  lwan_config.o [1]
  .far_func.text     ro code  0x010c6d   0x16b  radio.o [1]
  .far_func.text     ro code  0x010dd8   0x16a  cmac.o [1]
  .far_func.text     ro code  0x010f42   0x16a  spi-board.o [1]
  .far_func.text     ro code  0x0110ac   0x14e  radio.o [1]
  .far_func.text     ro code  0x0111fa   0x14b  aes.o [1]
  .far_func.text     ro code  0x011345   0x145  LoRaMac.o [1]
  .far_func.text     ro code  0x01148a   0x143  sx126x.o [1]
  .far_func.text     ro code  0x0115cd   0x13d  cmac.o [1]
  .far_func.text     ro code  0x01170a   0x12a  radio.o [1]
  .far_func.text     ro code  0x011834   0x11f  gpio-board.o [1]
  .far_func.text     ro code  0x011953   0x11b  board.o [1]
  .far_func.text     ro code  0x011a6e   0x118  RegionCommon.o [1]
  .far_func.text     ro code  0x011b86   0x112  lwan_config.o [1]
  .far_func.text     ro code  0x011c98   0x106  RegionCN470.o [1]
  .far_func.text     ro code  0x011d9e   0x105  RegionCN470.o [1]
  .far_func.text     ro code  0x011ea3   0x103  RegionCN470.o [1]
  .far_func.text     ro code  0x011fa6   0x100  stm8l15x_rtc.o [1]
  .far_func.text     ro code  0x0120a6    0xff  aes.o [1]
  .far_func.text     ro code  0x0121a5    0xfa  lwan_config.o [1]
  .far_func.text     ro code  0x01229f    0xf0  LoRaMac.o [1]
  .far_func.text     ro code  0x01238f    0xe6  rtc-board.o [3]
  .far_func.text     ro code  0x012475    0xdd  RegionCommon.o [1]
  .far_func.text     ro code  0x012552    0xdc  RegionCommon.o [1]
  .far_func.text     ro code  0x01262e    0xdb  linkwan.o [1]
  .far_func.text     ro code  0x012709    0xd7  at_command.o [1]
  .far_func.text     ro code  0x0127e0    0xd4  long_util.o [5]
  .far_func.text     ro code  0x0128b4    0xd4  xstol.o [5]
  .far_func.text     ro code  0x012988    0xd1  sx126x.o [1]
  .far_func.text     ro code  0x012a59    0xcb  aes.o [1]
  .far_func.text     ro code  0x012b24    0xc9  stm8l15x_rtc.o [1]
  .far_func.text     ro code  0x012bed    0xc9  xdint.o [5]
  .far_func.text     ro code  0x012cb6    0xc7  stm8l15x_rtc.o [1]
  .far_func.text     ro code  0x012d7d    0xc5  LoRaMac.o [1]
  .far_func.text     ro code  0x012e42    0xc4  gpio-board.o [1]
  .far_func.text     ro code  0x012f06    0xc3  at_command.o [1]
  .far_func.text     ro code  0x012fc9    0xc3  sx126x.o [1]
  .far_func.text     ro code  0x01308c    0xc0  linkwan.o [1]
  .far_func.text     ro code  0x01314c    0xc0  RegionCommon.o [1]
  .far_func.text     ro code  0x01320c    0xbc  at_command.o [1]
  .far_func.text     ro code  0x0132c8    0xba  at_command.o [1]
  .far_func.text     ro code  0x013382    0xb5  RegionCN470.o [1]
  .far_func.text     ro code  0x013437    0xb5  timer.o [1]
  .far_func.text     ro code  0x0134ec    0xb0  RegionCommon.o [1]
  .far_func.text     ro code  0x01359c    0xaf  LoRaMac.o [1]
  .far_func.text     ro code  0x01364b    0xad  at_command.o [1]
  .far_func.text     ro code  0x0136f8    0xaa  at_command.o [1]
  .far_func.text     ro code  0x0137a2    0xa8  at_command.o [1]
  .far_func.text     ro code  0x01384a    0xa5  aes.o [1]
  .far_func.text     ro code  0x0138ef    0xa5  aes.o [1]
  .far_func.text     ro code  0x013994    0xa4  at_command.o [1]
  .far_func.text     ro code  0x013a38    0xa4  at_command.o [1]
  .far_func.text     ro code  0x013adc    0xa4  sx126x.o [1]
  .far_func.text     ro code  0x013b80    0xa2  stm8l15x_exti.o [1]
  .far_func.text     ro code  0x013c22    0xa1  timer.o [1]
  .far_func.text     ro code  0x013cc3    0x9f  at_command.o [1]
  .far_func.text     ro code  0x013d62    0x9f  rtc-board.o [3]
  .far_func.text     ro code  0x013e01    0x99  at_command.o [1]
  .far_func.text     ro code  0x013e9a    0x97  at_command.o [1]
  .far_func.text     ro code  0x013f31    0x97  RegionCN470.o [1]
  .far_func.text     ro code  0x013fc8    0x96  at_command.o [1]
  .far_func.text     ro code  0x01405e    0x96  RegionCN470.o [1]
  .far_func.text     ro code  0x0140f4    0x96  timer.o [1]
  .far_func.text     ro code  0x01418a    0x94  LoRaMacCrypto.o [1]
  .far_func.text     ro code  0x01421e    0x91  RegionCN470.o [1]
  .far_func.text     ro code  0x0142af    0x8c  at_command.o [1]
  .far_func.text     ro code  0x01433b    0x86  timer.o [1]
  .far_func.text     ro code  0x0143c1    0x84  spi-board.o [1]
  .far_func.text     ro code  0x014445    0x82  stm8l15x_usart.o [1]
  .far_func.text     ro code  0x0144c7    0x81  board.o [1]
  .far_func.text     ro code  0x014548    0x81  stm8l15x_clk.o [1]
  .far_func.text     ro code  0x0145c9    0x7f  sx126x.o [1]
  .far_func.text     ro code  0x014648    0x76  board.o [1]
  .far_func.text     ro code  0x0146be    0x76  rtc-board.o [3]
  .far_func.text     ro code  0x014734    0x75  at_command.o [1]
  .far_func.text     ro code  0x0147a9    0x75  at_command.o [1]
  .far_func.text     ro code  0x01481e    0x74  at_command.o [1]
  .far_func.text     ro code  0x014892    0x71  aes.o [1]
  .far_func.text     ro code  0x014903    0x71  at_command.o [1]
  .far_func.text     ro code  0x014974    0x71  at_command.o [1]
  .far_func.text     ro code  0x0149e5    0x71  at_command.o [1]
  .far_func.text     ro code  0x014a56    0x71  at_command.o [1]
  .far_func.text     ro code  0x014ac7    0x71  RegionCommon.o [1]
  .far_func.text     ro code  0x014b38    0x6f  at_command.o [1]
  .far_func.text     ro code  0x014ba7    0x6d  at_command.o [1]
  .far_func.text     ro code  0x014c14    0x6b  RegionCN470.o [1]
  .far_func.text     ro code  0x014c7f    0x6a  LoRaMac.o [1]
  .far_func.text     ro code  0x014ce9    0x6a  main.o [1]
  .far_func.text     ro code  0x014d53    0x64  stm8l15x_gpio.o [1]
  .far_func.text     ro code  0x014db7    0x64  stm8l15x_usart.o [1]
  .far_func.text     ro code  0x014e1b    0x62  rtc-board.o [3]
  .far_func.text     ro code  0x014e7d    0x61  rtc-board.o [3]
  .far_func.text     ro code  0x014ede    0x60  linkwan.o [1]
  .far_func.text     ro code  0x014f3e    0x60  rtc-board.o [3]
  .far_func.text     ro code  0x014f9e    0x60  strstr.o [5]
  .far_func.text     ro code  0x014ffe    0x5f  radio.o [1]
  .far_func.text     ro code  0x01505d    0x5f  stm8l15x_clk.o [1]
  .far_func.text     ro code  0x0150bc    0x5e  short.o [5]
  .far_func.text     ro code  0x01511a    0x5d  radio.o [1]
  .far_func.text     ro code  0x015177    0x5d  stm8l15x_usart.o [1]
  .far_func.text     ro code  0x0151d4    0x5c  LoRaMac.o [1]
  .far_func.text     ro code  0x015230    0x5b  at_command.o [1]
  .far_func.text     ro code  0x01528b    0x5b  RegionCN470.o [1]
  .far_func.text     ro code  0x0152e6    0x5b  rtc-board.o [3]
  .far_func.text     ro code  0x015341    0x5a  RegionCommon.o [1]
  .far_func.text     ro code  0x01539b    0x58  at_command.o [1]
  .far_func.text     ro code  0x0153f3    0x58  dc_util.o [5]
  .far_func.text     ro code  0x01544b    0x56  linkwan.o [1]
  .far_func.text     ro code  0x0154a1    0x55  stm8l15x_rtc.o [1]
  .far_func.text     ro code  0x0154f6    0x54  linkwan.o [1]
  .far_func.text     ro code  0x01554a    0x54  far_util.o [5]
  .far_func.text     ro code  0x01559e    0x52  sx126x.o [1]
  .far_func.text     ro code  0x0155f0    0x51  stm8l15x_exti.o [1]
  .far_func.text     ro code  0x015641    0x51  sx1262-board.o [1]
  .far_func.text     ro code  0x015692    0x51  xprintffull.o [5]
  .far_func.text     ro code  0x0156e3    0x4f  linkwan.o [1]
  .far_func.text     ro code  0x015732    0x4f  LoRaMac.o [1]
  .far_func.text     ro code  0x015781    0x4f  LoRaMac.o [1]
  .far_func.text     ro code  0x0157d0    0x4f  utilities.o [1]
  .far_func.text     ro code  0x01581f    0x4e  at_command.o [1]
  .far_func.text     ro code  0x01586d    0x4e  sx126x.o [1]
  .far_func.text     ro code  0x0158bb    0x4d  LoRaMacCrypto.o [1]
  .far_func.text     ro code  0x015908    0x4c  spi-board.o [1]
  .far_func.text     ro code  0x015954    0x4c  stm8l15x_it.o [1]
  .far_func.text     ro code  0x0159a0    0x4c  stm8l15x_it.o [1]
  .far_func.text     ro code  0x0159ec    0x4b  RegionCN470.o [1]
  .far_func.text     ro code  0x015a37    0x4a  radio.o [1]
  .far_func.text     ro code  0x015a81    0x49  board.o [1]
  .far_func.text     ro code  0x015aca    0x49  stm8l15x_syscfg.o [1]
  .far_func.text     ro code  0x015b13    0x49  xprintffull.o [5]
  .far_func.text     ro code  0x015b5c    0x46  ceil.o [5]
  .far_func.text     ro code  0x015ba2    0x46  floor.o [5]
  .far_func.text     ro code  0x015be8    0x45  sx126x.o [1]
  .far_func.text     ro code  0x015c2d    0x44  sprintf.o [5]
  .far_func.text     ro code  0x015c71    0x42  RegionCN470.o [1]
  .far_func.text     ro code  0x015cb3    0x3f  stm8l15x_rtc.o [1]
  .far_func.text     ro code  0x015cf2    0x3e  xprintffull.o [5]
  .far_func.text     ro code  0x015d30    0x3d  xprintffull.o [5]
  .far_func.text     ro code  0x015d6d    0x3a  RegionCommon.o [1]
  .far_func.text     ro code  0x015da7    0x3a  stm8l15x_rtc.o [1]
  .far_func.text     ro code  0x015de1    0x3a  sx1262-board.o [1]
  .far_func.text     ro code  0x015e1b    0x3a  sx1262-board.o [1]
  .far_func.text     ro code  0x015e55    0x3a  timer.o [1]
  .far_func.text     ro code  0x015e8f    0x39  RegionCN470.o [1]
  .far_func.text     ro code  0x015ec8    0x39  stm8l15x_clk.o [1]
  .far_func.text     ro code  0x015f01    0x39  stm8l15x_rtc.o [1]
  .far_func.text     ro code  0x015f3a    0x38  stm8l15x_exti.o [1]
  .far_func.text     ro code  0x015f72    0x37  stm8l15x_rtc.o [1]
  .far_func.text     ro code  0x015fa9    0x36  delay-board.o [1]
  .far_func.text     ro code  0x015fdf    0x36  sx1262-board.o [1]
  .far_func.text     ro code  0x016015    0x35  gpio-board.o [1]
  .far_func.text     ro code  0x01604a    0x35  strncmp.o [5]
  .far_func.text     ro code  0x01607f    0x34  sx126x.o [1]
  .far_func.text     ro code  0x0160b3    0x34  div.o [5]
  .far_func.text     ro code  0x0160e7    0x33  stm8l15x_rtc.o [1]
  .far_func.text     ro code  0x01611a    0x33  sx1262-board.o [1]
  .far_func.text     ro code  0x01614d    0x33  sx126x.o [1]
  .far_func.text     ro code  0x016180    0x32  cmac.o [1]
  .far_func.text     ro code  0x0161b2    0x32  sx1262-board.o [1]
  .far_func.text     ro code  0x0161e4    0x32  sx126x.o [1]
  .far_func.text     ro code  0x016216    0x31  RegionCN470.o [1]
  .far_func.text     ro code  0x016247    0x31  stm8l15x_exti.o [1]
  .far_func.text     ro code  0x016278    0x31  rtc-board.o [3]
  .far_func.text     ro code  0x0162a9    0x30  main.o [1]
  .far_func.text     ro code  0x0162d9    0x30  stm8l15x_spi.o [1]
  .far_func.text     ro code  0x016309    0x30  sx1262-board.o [1]
  .far_func.text     ro code  0x016339    0x30  memcmp.o [5]
  .far_func.text     ro code  0x016369    0x2f  RegionCommon.o [1]
  .far_func.text     ro code  0x016398    0x2e  board.o [1]
  .far_func.text     ro code  0x0163c6    0x2e  radio.o [1]
  .far_func.text     ro code  0x0163f4    0x2e  radio.o [1]
  .far_func.text     ro code  0x016422    0x2e  sx126x.o [1]
  .far_func.text     ro code  0x016450    0x2e  xprintffull.o [5]
  .far_func.text     ro code  0x01647e    0x2d  linkwan.o [1]
  .far_func.text     ro code  0x0164ab    0x2d  sx126x.o [1]
  .far_func.text     ro code  0x0164d8    0x2c  LoRaMac.o [1]
  .far_func.text     ro code  0x016504    0x2c  timer.o [1]
  .far_func.text     ro code  0x016530    0x2b  sx1262-board.o [1]
  .far_func.text     ro code  0x01655b    0x2b  rtc-board.o [3]
  .far_func.text     ro code  0x016586    0x2a  timer.o [1]
  .far_func.text     ro code  0x0165b0    0x29  radio.o [1]
  .far_func.text     ro code  0x0165d9    0x29  RegionCommon.o [1]
  .far_func.text     ro code  0x016602    0x29  sx1262-board.o [1]
  .far_func.text     ro code  0x01662b    0x28  linkwan.o [1]
  .far_func.text     ro code  0x016653    0x28  LoRaMac.o [1]
  .far_func.text     ro code  0x01667b    0x28  radio.o [1]
  .far_func.text     ro code  0x0166a3    0x28  init_small.o [5]
  .far_func.text     ro code  0x0166cb    0x27  utilities.o [1]
  .far_func.text     ro code  0x0166f2    0x25  RegionCN470.o [1]
  .far_func.text     ro code  0x016717    0x25  move.o [5]
  .far_func.text     ro code  0x01673c    0x25  xlog.o [5]
  .far_func.text     ro code  0x016761    0x24  board.o [1]
  .far_func.text     ro code  0x016785    0x24  gpio-board.o [1]
  .far_func.text     ro code  0x0167a9    0x24  linkwan.o [1]
  .far_func.text     ro code  0x0167cd    0x24  linkwan.o [1]
  .far_func.text     ro code  0x0167f1    0x24  radio.o [1]
  .far_func.text     ro code  0x016815    0x24  sx1262-board.o [1]
  .far_func.text     ro code  0x016839    0x24  utilities.o [1]
  .far_func.text     ro code  0x01685d    0x24  printf.o [5]
  .far_func.text     ro code  0x016881    0x23  stm8l15x_usart.o [1]
  .far_func.text     ro code  0x0168a4    0x22  LoRaMac.o [1]
  .far_func.text     ro code  0x0168c6    0x22  sx1262-board.o [1]
  .far_func.text     ro code  0x0168e8    0x22  rtc-board.o [3]
  .far_func.text     ro code  0x01690a    0x21  gpio-board.o [1]
  .far_func.text     ro code  0x01692b    0x21  memchr.o [5]
  .far_func.text     ro code  0x01694c    0x20  stm8l15x_it.o [1]
  .far_func.text     ro code  0x01696c    0x20  stm8l15x_it.o [1]
  .far_func.text     ro code  0x01698c    0x20  memcpy.o [5]
  .far_func.text     ro code  0x0169ac    0x1f  xprout.o [5]
  .far_func.text     ro code  0x0169cb    0x1e  radio.o [1]
  .far_func.text     ro code  0x0169e9    0x1e  stm8l15x_rtc.o [1]
  .far_func.text     ro code  0x016a07    0x1e  stm8l15x_rtc.o [1]
  .far_func.text     ro code  0x016a25    0x1e  sx1262-board.o [1]
  .far_func.text     ro code  0x016a43    0x1e  sx126x.o [1]
  .far_func.text     ro code  0x016a61    0x1e  rtc-board.o [3]
  .far_func.text     ro code  0x016a7f    0x1e  rtc-board.o [3]
  .far_func.text     ro code  0x016a9d    0x1e  init.o [5]
  .far_func.text     ro code  0x016abb    0x1e  init_small.o [5]
  .far_func.text     ro code  0x016ad9    0x1d  board.o [1]
  .far_func.text     ro code  0x016af6    0x1d  spi-board.o [1]
  .far_func.text     ro code  0x016b13    0x1d  stm8l15x_usart.o [1]
  .far_func.text     ro code  0x016b30    0x1d  sx126x.o [1]
  .far_func.text     ro code  0x016b4d    0x1c  stm8l15x_it.o [1]
  .far_func.text     ro code  0x016b69    0x1c  stm8l15x_it.o [1]
  .far_func.text     ro code  0x016b85    0x1c  stm8l15x_it.o [1]
  .far_func.text     ro code  0x016ba1    0x1c  stm8l15x_it.o [1]
  .far_func.text     ro code  0x016bbd    0x1c  stm8l15x_it.o [1]
  .far_func.text     ro code  0x016bd9    0x1c  stm8l15x_it.o [1]
  .far_func.text     ro code  0x016bf5    0x1c  stm8l15x_it.o [1]
  .far_func.text     ro code  0x016c11    0x1c  stm8l15x_rtc.o [1]
  .far_func.text     ro code  0x016c2d    0x1c  stm8l15x_rtc.o [1]
  .far_func.text     ro code  0x016c49    0x1c  sx126x.o [1]
  .far_func.text     ro code  0x016c65    0x1c  timer.o [1]
  .far_func.text     ro code  0x016c81    0x1c  timer.o [1]
  .far_func.text     ro code  0x016c9d    0x1b  radio.o [1]
  .far_func.text     ro code  0x016cb8    0x1b  radio.o [1]
  .far_func.text     ro code  0x016cd3    0x1b  stm8l15x_it.o [1]
  .far_func.text     ro code  0x016cee    0x1b  sx126x.o [1]
  .far_func.text     ro code  0x016d09    0x1a  LoRaMac.o [1]
  .far_func.text     ro code  0x016d23    0x1a  Region.o [1]
  .far_func.text     ro code  0x016d3d    0x1a  stm8l15x_flash.o [1]
  .far_func.text     ro code  0x016d57    0x1a  sx126x.o [1]
  .far_func.text     ro code  0x016d71    0x1a  utilities.o [1]
  .far_func.text     ro code  0x016d8b    0x19  at_command.o [1]
  .far_func.text     ro code  0x016da4    0x19  cmac.o [1]
  .far_func.text     ro code  0x016dbd    0x19  linkwan.o [1]
  .far_func.text     ro code  0x016dd6    0x19  stm8l15x_spi.o [1]
  .far_func.text     ro code  0x016def    0x18  linkwan.o [1]
  .far_func.text     ro code  0x016e07    0x18  RegionCommon.o [1]
  .far_func.text     ro code  0x016e1f    0x18  stm8l15x_rtc.o [1]
  .far_func.text     ro code  0x016e37    0x18  sx1262-board.o [1]
  .far_func.text     ro code  0x016e4f    0x17  gpio-board.o [1]
  .far_func.text     ro code  0x016e66    0x17  linkwan.o [1]
  .far_func.text     ro code  0x016e7d    0x17  LoRaMac.o [1]
  .far_func.text     ro code  0x016e94    0x17  lwan_config.o [1]
  .far_func.text     ro code  0x016eab    0x17  stm8l15x_rtc.o [1]
  .far_func.text     ro code  0x016ec2    0x17  sx1262-board.o [1]
  .far_func.text     ro code  0x016ed9    0x17  sx126x.o [1]
  .far_func.text     ro code  0x016ef0    0x17  sx126x.o [1]
  .far_func.text     ro code  0x016f07    0x17  sx126x.o [1]
  .far_func.text     ro code  0x016f1e    0x17  cstartup.o [5]
  .far_func.text     ro code  0x016f35    0x16  Region.o [1]
  .far_func.text     ro code  0x016f4b    0x16  stm8l15x_rtc.o [1]
  .far_func.text     ro code  0x016f61    0x16  rtc-board.o [3]
  .far_func.text     ro code  0x016f77    0x16  memset.o [5]
  .far_func.text     ro code  0x016f8d    0x16  __dbg_xxexit.o [4]
  .far_func.text     ro code  0x016fa3    0x15  board.o [1]
  .far_func.text     ro code  0x016fb8    0x15  cmac.o [1]
  .far_func.text     ro code  0x016fcd    0x15  RegionCN470.o [1]
  .far_func.text     ro code  0x016fe2    0x15  RegionCommon.o [1]
  .far_func.text     ro code  0x016ff7    0x15  stm8l15x_gpio.o [1]
  .far_func.text     ro code  0x01700c    0x15  stm8l15x_rtc.o [1]
  .far_func.text     ro code  0x017021    0x15  stm8l15x_rtc.o [1]
  .far_func.text     ro code  0x017036    0x15  sx1262-board.o [1]
  .far_func.text     ro code  0x01704b    0x15  sx126x.o [1]
  .far_func.text     ro code  0x017060    0x15  xprintffull.o [5]
  .far_func.text     ro code  0x017075    0x15  strchr.o [5]
  .far_func.text     ro code  0x01708a    0x14  gpio-board.o [1]
  .far_func.text     ro code  0x01709e    0x14  linkwan.o [1]
  .far_func.text     ro code  0x0170b2    0x14  linkwan.o [1]
  .far_func.text     ro code  0x0170c6    0x14  RegionCN470.o [1]
  .far_func.text     ro code  0x0170da    0x13  LoRaMacCrypto.o [1]
  .far_func.text     ro code  0x0170ed    0x13  radio.o [1]
  .far_func.text     ro code  0x017100    0x13  stm8l15x_clk.o [1]
  .far_func.text     ro code  0x017113    0x13  stm8l15x_spi.o [1]
  .far_func.text     ro code  0x017126    0x13  sx1262-board.o [1]
  .far_func.text     ro code  0x017139    0x13  sx126x.o [1]
  .far_func.text     ro code  0x01714c    0x13  utilities.o [1]
  .far_func.text     ro code  0x01715f    0x12  LoRaMac.o [1]
  .far_func.text     ro code  0x017171    0x12  lwan_config.o [1]
  .far_func.text     ro code  0x017183    0x12  radio.o [1]
  .far_func.text     ro code  0x017195    0x12  RegionCN470.o [1]
  .far_func.text     ro code  0x0171a7    0x12  stm8l15x_gpio.o [1]
  .far_func.text     ro code  0x0171b9    0x11  at_command.o [1]
  .far_func.text     ro code  0x0171ca    0x11  at_command.o [1]
  .far_func.text     ro code  0x0171db    0x11  cmac.o [1]
  .far_func.text     ro code  0x0171ec    0x11  LoRaMacCrypto.o [1]
  .far_func.text     ro code  0x0171fd    0x11  main.o [1]
  .far_func.text     ro code  0x01720e    0x11  Region.o [1]
  .far_func.text     ro code  0x01721f    0x11  RegionCommon.o [1]
  .far_func.text     ro code  0x017230    0x11  stm8l15x_rtc.o [1]
  .far_func.text     ro code  0x017241    0x11  stm8l15x_rtc.o [1]
  .far_func.text     ro code  0x017252    0x11  stm8l15x_rtc.o [1]
  .far_func.text     ro code  0x017263    0x11  sx1262-board.o [1]
  .far_func.text     ro code  0x017274    0x11  sx1262-board.o [1]
  .far_func.text     ro code  0x017285    0x11  sx126x.o [1]
  .far_func.text     ro code  0x017296    0x10  at_command.o [1]
  .far_func.text     ro code  0x0172a6    0x10  at_command.o [1]
  .far_func.text     ro code  0x0172b6    0x10  at_command.o [1]
  .far_func.text     ro code  0x0172c6    0x10  radio.o [1]
  .far_func.text     ro code  0x0172d6    0x10  stm8l15x_it.o [1]
  .far_func.text     ro code  0x0172e6    0x10  stm8l15x_usart.o [1]
  .far_func.text     ro code  0x0172f6    0x10  sx1262-board.o [1]
  .far_func.text     ro code  0x017306    0x10  sx1262-board.o [1]
  .far_func.text     ro code  0x017316    0x10  sx126x.o [1]
  .far_func.text     ro code  0x017326    0x10  sx126x.o [1]
  .far_func.text     ro code  0x017336    0x10  utilities.o [1]
  .far_func.text     ro code  0x017346     0xf  LoRaMac.o [1]
  .far_func.text     ro code  0x017355     0xf  radio.o [1]
  .far_func.text     ro code  0x017364     0xf  radio.o [1]
  .far_func.text     ro code  0x017373     0xf  radio.o [1]
  .far_func.text     ro code  0x017382     0xf  RegionCN470.o [1]
  .far_func.text     ro code  0x017391     0xf  stm8l15x_flash.o [1]
  .far_func.text     ro code  0x0173a0     0xf  stm8l15x_rtc.o [1]
  .far_func.text     ro code  0x0173af     0xf  sx1262-board.o [1]
  .far_func.text     ro code  0x0173be     0xf  rtc-board.o [3]
  .far_func.text     ro code  0x0173cd     0xe  at_command.o [1]
  .far_func.text     ro code  0x0173db     0xe  at_command.o [1]
  .far_func.text     ro code  0x0173e9     0xe  at_command.o [1]
  .far_func.text     ro code  0x0173f7     0xe  at_command.o [1]
  .far_func.text     ro code  0x017405     0xe  board.o [1]
  .far_func.text     ro code  0x017413     0xe  linkwan.o [1]
  .far_func.text     ro code  0x017421     0xe  LoRaMac.o [1]
  .far_func.text     ro code  0x01742f     0xe  LoRaMac.o [1]
  .far_func.text     ro code  0x01743d     0xe  LoRaMac.o [1]
  .far_func.text     ro code  0x01744b     0xe  RegionCN470.o [1]
  .far_func.text     ro code  0x017459     0xe  stm8l15x_exti.o [1]
  .far_func.text     ro code  0x017467     0xe  stm8l15x_exti.o [1]
  .far_func.text     ro code  0x017475     0xe  stm8l15x_rtc.o [1]
  .far_func.text     ro code  0x017483     0xe  stm8l15x_rtc.o [1]
  .far_func.text     ro code  0x017491     0xe  sx126x.o [1]
  .far_func.text     ro code  0x01749f     0xe  xprintffull.o [5]
  .far_func.text     ro code  0x0174ad     0xd  at_command.o [1]
  .far_func.text     ro code  0x0174ba     0xd  at_command.o [1]
  .far_func.text     ro code  0x0174c7     0xd  cmac.o [1]
  .far_func.text     ro code  0x0174d4     0xd  cmac.o [1]
  .far_func.text     ro code  0x0174e1     0xd  linkwan.o [1]
  .far_func.text     ro code  0x0174ee     0xd  linkwan.o [1]
  .far_func.text     ro code  0x0174fb     0xd  linkwan.o [1]
  .far_func.text     ro code  0x017508     0xd  LoRaMac.o [1]
  .far_func.text     ro code  0x017515     0xd  LoRaMacCrypto.o [1]
  .far_func.text     ro code  0x017522     0xd  radio.o [1]
  .far_func.text     ro code  0x01752f     0xd  radio.o [1]
  .far_func.text     ro code  0x01753c     0xd  RegionCN470.o [1]
  .far_func.text     ro code  0x017549     0xd  spi-board.o [1]
  .far_func.text     ro code  0x017556     0xd  stm8l15x_pwr.o [1]
  .far_func.text     ro code  0x017563     0xd  stm8l15x_spi.o [1]
  .far_func.text     ro code  0x017570     0xd  sx1262-board.o [1]
  .far_func.text     ro code  0x01757d     0xd  sx1262-board.o [1]
  .far_func.text     ro code  0x01758a     0xd  sx126x.o [1]
  .far_func.text     ro code  0x017597     0xd  sx126x.o [1]
  .far_func.text     ro code  0x0175a4     0xd  strlen.o [5]
  .far_func.text     ro code  0x0175b1     0xc  LoRaMac.o [1]
  .far_func.text     ro code  0x0175bd     0xc  LoRaMac.o [1]
  .far_func.text     ro code  0x0175c9     0xc  LoRaMac.o [1]
  .far_func.text     ro code  0x0175d5     0xc  lwan_config.o [1]
  .far_func.text     ro code  0x0175e1     0xc  lwan_config.o [1]
  .far_func.text     ro code  0x0175ed     0xc  radio.o [1]
  .far_func.text     ro code  0x0175f9     0xc  radio.o [1]
  .far_func.text     ro code  0x017605     0xc  radio.o [1]
  .far_func.text     ro code  0x017611     0xc  Region.o [1]
  .far_func.text     ro code  0x01761d     0xc  RegionCommon.o [1]
  .far_func.text     ro code  0x017629     0xc  stm8l15x_rtc.o [1]
  .far_func.text     ro code  0x017635     0xc  sx1262-board.o [1]
  .far_func.text     ro code  0x017641     0xc  sx126x.o [1]
  .far_func.text     ro code  0x01764d     0xc  sx126x.o [1]
  .far_func.text     ro code  0x017659     0xc  char.o [5]
  .far_func.text     ro code  0x017665     0xc  xprintffull.o [5]
  .far_func.text     ro code  0x017671     0xc  xlog.o [5]
  .far_func.text     ro code  0x01767d     0xc  switch.o [5]
  .far_func.text     ro code  0x017689     0xb  aes.o [1]
  .far_func.text     ro code  0x017694     0xb  at_command.o [1]
  .far_func.text     ro code  0x01769f     0xb  at_command.o [1]
  .far_func.text     ro code  0x0176aa     0xb  at_command.o [1]
  .far_func.text     ro code  0x0176b5     0xb  at_command.o [1]
  .far_func.text     ro code  0x0176c0     0xb  at_command.o [1]
  .far_func.text     ro code  0x0176cb     0xb  at_command.o [1]
  .far_func.text     ro code  0x0176d6     0xb  board.o [1]
  .far_func.text     ro code  0x0176e1     0xb  gpio-board.o [1]
  .far_func.text     ro code  0x0176ec     0xb  LoRaMac.o [1]
  .far_func.text     ro code  0x0176f7     0xb  LoRaMac.o [1]
  .far_func.text     ro code  0x017702     0xb  LoRaMac.o [1]
  .far_func.text     ro code  0x01770d     0xb  LoRaMac.o [1]
  .far_func.text     ro code  0x017718     0xb  LoRaMac.o [1]
  .far_func.text     ro code  0x017723     0xb  lwan_config.o [1]
  .far_func.text     ro code  0x01772e     0xb  lwan_config.o [1]
  .far_func.text     ro code  0x017739     0xb  lwan_config.o [1]
  .far_func.text     ro code  0x017744     0xb  radio.o [1]
  .far_func.text     ro code  0x01774f     0xb  radio.o [1]
  .far_func.text     ro code  0x01775a     0xb  radio.o [1]
  .far_func.text     ro code  0x017765     0xb  radio.o [1]
  .far_func.text     ro code  0x017770     0xb  Region.o [1]
  .far_func.text     ro code  0x01777b     0xb  RegionCN470.o [1]
  .far_func.text     ro code  0x017786     0xb  RegionCN470.o [1]
  .far_func.text     ro code  0x017791     0xb  RegionCN470.o [1]
  .far_func.text     ro code  0x01779c     0xb  RegionCommon.o [1]
  .far_func.text     ro code  0x0177a7     0xb  stm8l15x_exti.o [1]
  .far_func.text     ro code  0x0177b2     0xb  stm8l15x_flash.o [1]
  .far_func.text     ro code  0x0177bd     0xb  stm8l15x_it.o [1]
  .far_func.text     ro code  0x0177c8     0xb  stm8l15x_rtc.o [1]
  .far_func.text     ro code  0x0177d3     0xb  stm8l15x_usart.o [1]
  .far_func.text     ro code  0x0177de     0xb  sx1262-board.o [1]
  .far_func.text     ro code  0x0177e9     0xb  sx1262-board.o [1]
  .far_func.text     ro code  0x0177f4     0xb  sx126x.o [1]
  .far_func.text     ro code  0x0177ff     0xb  timer.o [1]
  .far_func.text     ro code  0x01780a     0xb  timer.o [1]
  .far_func.text     ro code  0x017815     0xb  xprintffull.o [5]
  .far_func.text     ro code  0x017820     0xb  xprintffull.o [5]
  .far_func.text     ro code  0x01782b     0xb  xprintffull.o [5]
  .far_func.text     ro code  0x017836     0xb  xprintffull.o [5]
  .far_func.text     ro code  0x017841     0xb  xprintffull.o [5]
  .far_func.text     ro code  0x01784c     0xb  xprintffull.o [5]
  .far_func.text     ro code  0x017857     0xb  xsprout.o [5]
  .far_func.text     ro code  0x017862     0xa  aes.o [1]
  .far_func.text     ro code  0x01786c     0xa  linkwan.o [1]
  .far_func.text     ro code  0x017876     0xa  linkwan.o [1]
  .far_func.text     ro code  0x017880     0xa  linkwan.o [1]
  .far_func.text     ro code  0x01788a     0xa  LoRaMac.o [1]
  .far_func.text     ro code  0x017894     0xa  LoRaMac.o [1]
  .far_func.text     ro code  0x01789e     0xa  LoRaMac.o [1]
  .far_func.text     ro code  0x0178a8     0xa  LoRaMac.o [1]
  .far_func.text     ro code  0x0178b2     0xa  radio.o [1]
  .far_func.text     ro code  0x0178bc     0xa  radio.o [1]
  .far_func.text     ro code  0x0178c6     0xa  Region.o [1]
  .far_func.text     ro code  0x0178d0     0xa  Region.o [1]
  .far_func.text     ro code  0x0178da     0xa  Region.o [1]
  .far_func.text     ro code  0x0178e4     0xa  Region.o [1]
  .far_func.text     ro code  0x0178ee     0xa  Region.o [1]
  .far_func.text     ro code  0x0178f8     0xa  Region.o [1]
  .far_func.text     ro code  0x017902     0xa  Region.o [1]
  .far_func.text     ro code  0x01790c     0xa  Region.o [1]
  .far_func.text     ro code  0x017916     0xa  Region.o [1]
  .far_func.text     ro code  0x017920     0xa  Region.o [1]
  .far_func.text     ro code  0x01792a     0xa  Region.o [1]
  .far_func.text     ro code  0x017934     0xa  RegionCN470.o [1]
  .far_func.text     ro code  0x01793e     0xa  RegionCN470.o [1]
  .far_func.text     ro code  0x017948     0xa  RegionCommon.o [1]
  .far_func.text     ro code  0x017952     0xa  stm8l15x_clk.o [1]
  .far_func.text     ro code  0x01795c     0xa  stm8l15x_rtc.o [1]
  .far_func.text     ro code  0x017966     0xa  stm8l15x_usart.o [1]
  .far_func.text     ro code  0x017970     0xa  sx1262-board.o [1]
  .far_func.text     ro code  0x01797a     0xa  sx1262-board.o [1]
  .far_func.text     ro code  0x017984     0xa  sx1262-board.o [1]
  .far_func.text     ro code  0x01798e     0xa  sx126x.o [1]
  .far_func.text     ro code  0x017998     0xa  timer.o [1]
  .far_func.text     ro code  0x0179a2     0xa  far.o [5]
  .far_func.text     ro code  0x0179ac     0x9  aes.o [1]
  .far_func.text     ro code  0x0179b5     0x9  aes.o [1]
  .far_func.text     ro code  0x0179be     0x9  at_command.o [1]
  .far_func.text     ro code  0x0179c7     0x9  at_command.o [1]
  .far_func.text     ro code  0x0179d0     0x9  at_command.o [1]
  .far_func.text     ro code  0x0179d9     0x9  at_command.o [1]
  .far_func.text     ro code  0x0179e2     0x9  at_command.o [1]
  .far_func.text     ro code  0x0179eb     0x9  board.o [1]
  .far_func.text     ro code  0x0179f4     0x9  LoRaMac.o [1]
  .far_func.text     ro code  0x0179fd     0x9  LoRaMac.o [1]
  .far_func.text     ro code  0x017a06     0x9  LoRaMac.o [1]
  .far_func.text     ro code  0x017a0f     0x9  lwan_config.o [1]
  .far_func.text     ro code  0x017a18     0x9  Region.o [1]
  .far_func.text     ro code  0x017a21     0x9  Region.o [1]
  .far_func.text     ro code  0x017a2a     0x9  Region.o [1]
  .far_func.text     ro code  0x017a33     0x9  Region.o [1]
  .far_func.text     ro code  0x017a3c     0x9  Region.o [1]
  .far_func.text     ro code  0x017a45     0x9  RegionCN470.o [1]
  .far_func.text     ro code  0x017a4e     0x9  RegionCN470.o [1]
  .far_func.text     ro code  0x017a57     0x9  spi-board.o [1]
  .far_func.text     ro code  0x017a60     0x9  stm8l15x_rtc.o [1]
  .far_func.text     ro code  0x017a69     0x9  stm8l15x_rtc.o [1]
  .far_func.text     ro code  0x017a72     0x9  stm8l15x_rtc.o [1]
  .far_func.text     ro code  0x017a7b     0x9  sx1262-board.o [1]
  .far_func.text     ro code  0x017a84     0x9  sx1262-board.o [1]
  .far_func.text     ro code  0x017a8d     0x9  sx1262-board.o [1]
  .far_func.text     ro code  0x017a96     0x9  sx1262-board.o [1]
  .far_func.text     ro code  0x017a9f     0x9  sx1262-board.o [1]
  .far_func.text     ro code  0x017aa8     0x9  sx1262-board.o [1]
  .far_func.text     ro code  0x017ab1     0x9  sx126x.o [1]
  .far_func.text     ro code  0x017aba     0x9  sx126x.o [1]
  .far_func.text     ro code  0x017ac3     0x9  sx126x.o [1]
  .far_func.text     ro code  0x017acc     0x9  sx126x.o [1]
  .far_func.text     ro code  0x017ad5     0x9  xprintffull.o [5]
                            - 0x017ade  0x7ade


*******************************************************************************
*** INIT TABLE
***

          Address   Size
          -------   ----
Zero (__iar_zero_init2)
    1 destination range, total size 0xc4e:
          0x00012c  0xc4e

Copy (__iar_copy_init2)
    1 source range, total size 0x11c:
          0x008080  0x11c
    1 destination range, total size 0x11c:
          0x000010  0x11c



*******************************************************************************
*** MODULE SUMMARY
***

    Module                 ro code  ro data  rw data
    ------                 -------  -------  -------
D:\6_workSpace\55_lora\4_node\3_ASR6505\7_code\github\asr6505_sdk_at_lorawan\Projects\LoRaATCmd\EWSTM8\Debug\Obj: [1]
    LoRaMac.o               10 313       19    1 180
    LoRaMacCrypto.o            807       32      582
    Region.o                   243        4
    RegionCN470.o            2 906      141      119
    RegionCommon.o           1 541
    aes.o                    1 899      768
    at_command.o             4 620    1 377      126
    board.o                    791        8       44
    cmac.o                     818
    delay-board.o               54
    delay.o                      4
    gpio-board.o               659                48
    gpio.o                      16
    linkwan.o                3 679      766      316
    lwan_config.o            3 240      134      127
    main.o                     171       80       16
    radio.o                  2 674      284      513
    spi-board.o                629                11
    stm8l15x_clk.o             314        5
    stm8l15x_exti.o            387
    stm8l15x_flash.o            56
    stm8l15x_gpio.o            146
    stm8l15x_it.o              492               281
    stm8l15x_pwr.o              13
    stm8l15x_rtc.o           1 436
    stm8l15x_spi.o             115
    stm8l15x_syscfg.o           73
    stm8l15x_usart.o           435
    sx1262-board.o             918                10
    sx126x.o                 1 951       17        7
    timer.o                    881                 3
    utilities.o                222        4        4
    ------------------------------------------------
    Total:                  42 503    3 639    3 387

command line: [2]
    ------------------------------------------------
    Total:

asrlib.a: [3]
    rtc-board.o              1 996       40       45
    ------------------------------------------------
    Total:                   1 996       40       45

dbgstm8mmd.a: [4]
    __dbg_break.o                1
    __dbg_xxexit.o              22
    ------------------------------------------------
    Total:                      23

dlstm8mmn.a: [5]
    ceil.o                      70
    cexit.o                      6
    char.o                      12
    cstartup.o                  23
    dc_util.o                   88
    div.o                       52
    errno.o                                        2
    exit.o                       4
    far.o                       10
    far_util.o                  84
    float.o                  1 293
    float_libsup.o             386
    floor.o                     70
    init.o                      30
    init_small.o                70
    interrupt.o                         128
    long.o                     642
    long_util.o                212
    low_level_init.o             3
    memchr.o                    33
    memcmp.o                    48
    memcpy.o                    32
    memset.o                    22
    move.o                      37
    pow.o                      884
    printf.o                    36
    short.o                     94
    sprintf.o                   68
    strchr.o                    21
    strlen.o                    13
    strncmp.o                   53
    strstr.o                    96
    switch.o                    12
    unhandled_exception.o        3
    vreg_util.o                564
    vregs.o                                       16
    xdint.o                    201
    xexp.o                     619
    xlog.o                      49
    xprintffull.o            4 087       85
    xprout.o                    31
    xsprout.o                   11
    xstol.o                    212
    xstoul.o                   476       74
    ------------------------------------------------
    Total:                  10 757      287       18

    Linker created                       20      256
----------------------------------------------------
    Grand Total:            55 279    3 986    3 706


*******************************************************************************
*** ENTRY LIST
***

Entry                    Address   Size  Type      Object
-----                    -------   ----  ----      ------
.iar.init_table$$Base   0x008951          --   Gb  - Linker created -
.iar.init_table$$Limit  0x008965          --   Gb  - Linker created -
?add32_l0_l0_0x         0x00d534         Code  Gb  long.o [5]
?add32_l0_l0_l1         0x00d531         Code  Gb  long.o [5]
?and32_l0_l0_0x         0x00d6ef         Code  Gb  long.o [5]
?and32_l0_l0_l1         0x00d6ec         Code  Gb  long.o [5]
?b0                     0x000000         Data  Gb  vregs.o [5]
?b1                     0x000001         Data  Gb  vregs.o [5]
?b10                    0x00000a         Data  Gb  vregs.o [5]
?b11                    0x00000b         Data  Gb  vregs.o [5]
?b12                    0x00000c         Data  Gb  vregs.o [5]
?b13                    0x00000d         Data  Gb  vregs.o [5]
?b14                    0x00000e         Data  Gb  vregs.o [5]
?b15                    0x00000f         Data  Gb  vregs.o [5]
?b2                     0x000002         Data  Gb  vregs.o [5]
?b3                     0x000003         Data  Gb  vregs.o [5]
?b4                     0x000004         Data  Gb  vregs.o [5]
[...]
SX126xReset             0x016530   0x2b  Code  Gb  sx1262-board.o [1]
SX126xSendPayload       0x01614d   0x33  Code  Gb  sx126x.o [1]
SX126xSetBufferBaseAddress
                        0x016ef0   0x17  Code  Gb  sx126x.o [1]
SX126xSetCad            0x017491    0xe  Code  Gb  sx126x.o [1]
SX126xSetDioIrqParams   0x016422   0x2e  Code  Gb  sx126x.o [1]
SX126xSetLoRaSymbNumTimeout
                        0x017316   0x10  Code  Gb  sx126x.o [1]
SX126xSetModulationParams
                        0x012fc9   0xc3  Code  Gb  sx126x.o [1]
SX126xSetOperatingMode  0x00ec58    0x4  Code  Gb  sx126x.o [1]
SX126xSetPacketParams   0x01148a  0x143  Code  Gb  sx126x.o [1]
SX126xSetPacketType     0x017597    0xd  Code  Gb  sx126x.o [1]
SX126xSetRegulatorMode  0x017326   0x10  Code  Gb  sx126x.o [1]
SX126xSetRfFrequency    0x015be8   0x45  Code  Gb  sx126x.o [1]
SX126xSetRfTxPower      0x00ead8    0x8  Code  Gb  sx1262-board.o [1]
SX126xSetRx             0x016a43   0x1e  Code  Gb  sx126x.o [1]
SX126xSetRxBoosted      0x0161e4   0x32  Code  Gb  sx126x.o [1]
SX126xSetRxDutyCycle    0x0164ab   0x2d  Code  Gb  sx126x.o [1]
SX126xSetSleep          0x016ed9   0x17  Code  Gb  sx126x.o [1]
SX126xSetStandby        0x016cee   0x1b  Code  Gb  sx126x.o [1]
SX126xSetStopRxTimerOnPreambleDetect
                        0x017139   0x13  Code  Gb  sx126x.o [1]
SX126xSetSyncWord       0x017285   0x11  Code  Gb  sx126x.o [1]
SX126xSetTxContinuousWave
                        0x017ac3    0x9  Code  Gb  sx126x.o [1]
SX126xSetTxParams       0x012988   0xd1  Code  Gb  sx126x.o [1]
SX126xSetWhiteningSeed  0x01607f   0x34  Code  Gb  sx126x.o [1]
SX126xWaitOnBusy        0x0177e9    0xb  Code  Gb  sx1262-board.o [1]
SX126xWakeup            0x016815   0x24  Code  Gb  sx1262-board.o [1]
SX126xWriteBuffer       0x0161b2   0x32  Code  Gb  sx1262-board.o [1]
SX126xWriteCommand      0x015de1   0x3a  Code  Gb  sx1262-board.o [1]
SX126xWriteRegister     0x016602   0x29  Code  Gb  sx1262-board.o [1]
SX126xWriteRegisters    0x016309   0x30  Code  Gb  sx1262-board.o [1]
SYSCFG_REMAPPinConfig   0x015aca   0x49  Code  Gb  stm8l15x_syscfg.o [1]
SYSDivFactor            0x008f48    0x5  Data  Gb  stm8l15x_clk.o [1]
ScheduleTx              0x008f92  0x18a  Code  Lc  LoRaMac.o [1]
SecondsInDay            0x008f59    0x4  Data  Lc  rtc-board.o [3]
SecondsInHour           0x008f88    0x2  Data  Lc  rtc-board.o [3]
SecondsInLeapYear       0x008f5d    0x4  Data  Lc  rtc-board.o [3]
SecondsInMinute         0x008f90    0x1  Data  Lc  rtc-board.o [3]
SecondsInYear           0x008f61    0x4  Data  Lc  rtc-board.o [3]
Send                    0x00998f   0x47  Code  Gb  LoRaMac.o [1]
SendFrameOnChannel      0x01359c   0xaf  Code  Gb  LoRaMac.o [1]
SetTxContinuousWave     0x0099d6   0x43  Code  Gb  LoRaMac.o [1]
SetTxContinuousWave1    0x009a19   0x13  Code  Gb  LoRaMac.o [1]
SpiDeInit               0x0143c1   0x84  Code  Gb  spi-board.o [1]
SpiInOut                0x015908   0x4c  Code  Gb  spi-board.o [1]
SpiInit                 0x010f42  0x16a  Code  Gb  spi-board.o [1]
SpiInitialized          0x000d6d    0x1  Data  Lc  spi-board.o [1]
SrvAckRequested         0x000d5a    0x1  Data  Lc  LoRaMac.o [1]
SystemWakeupTimeCalibrated
                        0x000d4c    0x1  Data  Lc  board.o [1]
TIM1_CAP_IRQHandler     0x00ec9c    0x1  Code  Gb  stm8l15x_it.o [1]
TIM1_UPD_OVF_TRG_COM_IRQHandler
                        0x00ec9b    0x1  Code  Gb  stm8l15x_it.o [1]
TIM2_CAP_IRQHandler     0x015954   0x4c  Code  Gb  stm8l15x_it.o [1]
TIM2_UPD_OVF_TRG_BRK_IRQHandler
                        0x00ec99    0x1  Code  Gb  stm8l15x_it.o [1]
TIM3_CAP_IRQHandler     0x0159a0   0x4c  Code  Gb  stm8l15x_it.o [1]
TIM3_UPD_OVF_TRG_BRK_IRQHandler
                        0x00ec9a    0x1  Code  Gb  stm8l15x_it.o [1]
TIM4_UPD_OVF_TRG_IRQHandler
                        0x00ec9d    0x1  Code  Gb  stm8l15x_it.o [1]
TRAP_IRQHandler         0x00ec90    0x1  Code  Gb  stm8l15x_it.o [1]
TestRadioEvents         0x000b5f   0x15  Data  Lc  board.o [1]
TimerGetCurrentTime     0x00ec60    0x4  Code  Gb  timer.o [1]
TimerGetElapsedTime     0x00ec64    0x4  Code  Gb  timer.o [1]
TimerInit               0x016504   0x2c  Code  Gb  timer.o [1]
TimerInsertNewHeadTimer
                        0x015e55   0x3a  Code  Lc  timer.o [1]
TimerInsertTimer        0x013c22   0xa1  Code  Lc  timer.o [1]
TimerIrqHandler         0x0140f4   0x96  Code  Gb  timer.o [1]
TimerListHead           0x000d44    0x2  Data  Lc  timer.o [1]
TimerLowPowerHandler    0x016586   0x2a  Code  Gb  timer.o [1]
TimerSetValue           0x016c81   0x1c  Code  Gb  timer.o [1]
TimerStart              0x01433b   0x86  Code  Gb  timer.o [1]
TimerStop               0x013437   0xb5  Code  Gb  timer.o [1]
TxDelayedTimer          0x000c23    0xe  Data  Lc  LoRaMac.o [1]
TxNextPacketTimer       0x000c07    0xe  Data  Lc  linkwan.o [1]
TxTimeOnAir             0x000cf3    0x4  Data  Gb  LoRaMac.o [1]
TxTimeout               0x000cf7    0x4  Data  Gb  radio.o [1]
TxTimeoutTimer          0x000c5b    0xe  Data  Gb  radio.o [1]
USART1_RX_IRQHandler    0x00eca0    0x1  Code  Gb  stm8l15x_it.o [1]
USART1_TX_IRQHandler    0x00ec9f    0x1  Code  Gb  stm8l15x_it.o [1]
USART_ClearITPendingBit
                        0x00ec1a    0x5  Code  Gb  stm8l15x_usart.o [1]
USART_Cmd               0x0172e6   0x10  Code  Gb  stm8l15x_usart.o [1]
USART_DeInit            0x016881   0x23  Code  Gb  stm8l15x_usart.o [1]
USART_GetFlagStatus     0x016b13   0x1d  Code  Gb  stm8l15x_usart.o [1]
USART_GetITStatus       0x014db7   0x64  Code  Gb  stm8l15x_usart.o [1]
USART_ITConfig          0x015177   0x5d  Code  Gb  stm8l15x_usart.o [1]
USART_Init              0x014445   0x82  Code  Gb  stm8l15x_usart.o [1]
USART_ReceiveData8      0x00ec75    0x3  Code  Gb  stm8l15x_usart.o [1]
USART_SendData8         0x00ec78    0x3  Code  Gb  stm8l15x_usart.o [1]
UartEnterLowPowerStopMode
                        0x0144c7   0x6a  Code  Gb  board.o [1]
UartLowPowerDisableDuringTask
                        0x000091    0x1  Data  Lc  board.o [1]
UartLowPowerHandler     0x014531   0x17  Code  Gb  board.o [1]
UpLinkCounter           0x000ccf    0x4  Data  Lc  LoRaMac.o [1]
WakeUpTimeInitialized   0x000d78    0x1  Data  Gb  rtc-board.o [3]
_GenldFull              0x00c77f  0x3b0  Code  Lc  xprintffull.o [5]
_LdtobFull              0x00badb  0x47a  Code  Lc  xprintffull.o [5]
_LitobFull              0x01097c  0x181  Code  Lc  xprintffull.o [5]
_PrintfFull             0x00bf55  0x477  Code  Gb  xprintffull.o [5]
_Prout                  0x0169ac   0x1f  Code  Gb  xprout.o [5]
_PutcharFull            0x016450   0x2e  Code  Lc  xprintffull.o [5]
_PutcharsFull           0x015cf2   0x3e  Code  Lc  xprintffull.o [5]
_SProut                 0x017857    0xb  Code  Gb  xsprout.o [5]
__DebugBreak            0x00eca2    0x1  Code  Gb  __dbg_break.o [4]
__exit                  0x016f8d   0x16  Code  Gb  __dbg_xxexit.o [4]
__iar_Dint              0x012bed   0xc9  Code  Gb  xdint.o [5]
__iar_Dnorm             0x01081a         Code  Gb  float_libsup.o [5]
__iar_Dscale            0x0108a8         Code  Gb  float_libsup.o [5]
__iar_Dtest             0x0107fa         Code  Gb  float_libsup.o [5]
__iar_Dunscale          0x010856         Code  Gb  float_libsup.o [5]
__iar_Errno             0x000d46    0x2  Data  Gb  errno.o [5]
__iar_Exp               0x00d76d  0x26b  Code  Gb  xexp.o [5]
__iar_Logpoly           0x017671    0xc  Code  Gb  xlog.o [5]
__iar_Memchr            0x01692b   0x21  Code  Gb  memchr.o [5]
__iar_Stolx             0x0128b4   0xd4  Code  Gb  xstol.o [5]
__iar_Stoulx            0x00e2a1  0x1dc  Code  Gb  xstoul.o [5]
__iar_Strchr            0x017075   0x15  Code  Gb  strchr.o [5]
__iar_Strstr            0x014f9e   0x60  Code  Gb  strstr.o [5]
__iar_copy_init2        0x0166a3         Code  Gb  init_small.o [5]
__iar_data_init2        0x016a9d   0x1e  Code  Gb  init.o [5]
__iar_program_start     0x016f1e         Code  Gb  cstartup.o [5]
__iar_unhandled_exception
                        0x00ec81         Code  Gb  unhandled_exception.o [5]
__iar_zero_init2        0x016abb         Code  Gb  init_small.o [5]
__intvec                0x008000         Data  Gb  interrupt.o [5]
__low_level_init        0x00ec7e    0x3  Code  Gb  low_level_init.o [5]
_exit                   0x00ebdd         Code  Gb  cexit.o [5]
_interrupt_1            0x00ec90         Code  Gb  stm8l15x_it.o [1]
_interrupt_10           0x016cd3         Code  Gb  stm8l15x_it.o [1]
_interrupt_11           0x016b4d         Code  Gb  stm8l15x_it.o [1]
_interrupt_12           0x016b69         Code  Gb  stm8l15x_it.o [1]
_interrupt_13           0x016b85         Code  Gb  stm8l15x_it.o [1]
_interrupt_14           0x016ba1         Code  Gb  stm8l15x_it.o [1]
_interrupt_15           0x016bbd         Code  Gb  stm8l15x_it.o [1]
_interrupt_16           0x016bd9         Code  Gb  stm8l15x_it.o [1]
_interrupt_17           0x016bf5         Code  Gb  stm8l15x_it.o [1]
_interrupt_18           0x00ec96         Code  Gb  stm8l15x_it.o [1]
_interrupt_19           0x00ec97         Code  Gb  stm8l15x_it.o [1]
_interrupt_2            0x00ec8f         Code  Gb  stm8l15x_it.o [1]
_interrupt_20           0x00ec98         Code  Gb  stm8l15x_it.o [1]
_interrupt_21           0x00ec99         Code  Gb  stm8l15x_it.o [1]
_interrupt_22           0x015954         Code  Gb  stm8l15x_it.o [1]
_interrupt_23           0x00ec9a         Code  Gb  stm8l15x_it.o [1]
_interrupt_24           0x0159a0         Code  Gb  stm8l15x_it.o [1]
_interrupt_25           0x00ec9b         Code  Gb  stm8l15x_it.o [1]
_interrupt_26           0x00ec9c         Code  Gb  stm8l15x_it.o [1]
_interrupt_27           0x00ec9d         Code  Gb  stm8l15x_it.o [1]
_interrupt_28           0x00ec9e         Code  Gb  stm8l15x_it.o [1]
_interrupt_29           0x00ec9f         Code  Gb  stm8l15x_it.o [1]
_interrupt_3            0x00ec91         Code  Gb  stm8l15x_it.o [1]
_interrupt_30           0x00eca0         Code  Gb  stm8l15x_it.o [1]
_interrupt_31           0x00eca1         Code  Gb  stm8l15x_it.o [1]
_interrupt_4            0x00ec92         Code  Gb  stm8l15x_it.o [1]
_interrupt_5            0x00ec93         Code  Gb  stm8l15x_it.o [1]
_interrupt_6            0x01694c         Code  Gb  stm8l15x_it.o [1]
_interrupt_7            0x00ec94         Code  Gb  stm8l15x_it.o [1]
_interrupt_8            0x01696c         Code  Gb  stm8l15x_it.o [1]
_interrupt_9            0x00ec95         Code  Gb  stm8l15x_it.o [1]
aBlock                  0x0000b0   0x10  Data  Lc  LoRaMacCrypto.o [1]
aes_encrypt             0x014892   0x71  Code  Gb  aes.o [1]
aes_set_key             0x0111fa  0x14b  Code  Gb  aes.o [1]
app_callbacks           0x000d1a    0x2  Data  Lc  linkwan.o [1]
at_cadr_func            0x014a56   0x71  Code  Lc  at_command.o [1]
at_cappeui_func         0x013e01   0x99  Code  Lc  at_command.o [1]
at_cappkey_func         0x01320c   0xbc  Code  Lc  at_command.o [1]
at_cappport_func        0x014b38   0x6f  Code  Lc  at_command.o [1]
at_cappskey_func        0x013994   0xa4  Code  Lc  at_command.o [1]
at_cclass_func          0x0147a9   0x75  Code  Lc  at_command.o [1]
at_cconfirm_func        0x014ba7   0x6d  Code  Lc  at_command.o [1]
at_cdatarate_func       0x014974   0x71  Code  Lc  at_command.o [1]
at_cdevaddr_func        0x013cc3   0x9f  Code  Lc  at_command.o [1]
at_cdeveui_func         0x013e9a   0x97  Code  Lc  at_command.o [1]
at_cfreqbandmask_func   0x013fc8   0x96  Code  Lc  at_command.o [1]
at_cjoin_func           0x012709   0xd7  Code  Lc  at_command.o [1]
at_cjoinmode_func       0x014903   0x71  Code  Lc  at_command.o [1]
at_clinkcheck_func      0x01539b   0x58  Code  Lc  at_command.o [1]
at_clpm_func            0x015230   0x5b  Code  Lc  at_command.o [1]
at_cnbtrials_func       0x01364b   0xad  Code  Lc  at_command.o [1]
at_cnwkskey_func        0x013a38   0xa4  Code  Lc  at_command.o [1]
at_crm_func             0x0137a2   0xa8  Code  Lc  at_command.o [1]
at_crx1delay_func       0x01481e   0x74  Code  Lc  at_command.o [1]
at_crxp_func            0x0132c8   0xba  Code  Lc  at_command.o [1]
at_cstatus_func         0x01581f   0x4e  Code  Lc  at_command.o [1]
at_ctxp_func            0x0149e5   0x71  Code  Lc  at_command.o [1]
at_culdlmode_func       0x014734   0x75  Code  Lc  at_command.o [1]
at_drx_func             0x012f06   0xc3  Code  Lc  at_command.o [1]
at_dtrx_func            0x0136f8   0xaa  Code  Lc  at_command.o [1]
atcmd                   0x00012c  0x116  Data  Gb  stm8l15x_it.o [1]
atcmd_index             0x000d42    0x2  Data  Gb  stm8l15x_it.o [1]
ceil                    0x015b5c   0x46  Code  Gb  ceil.o [5]
copy_and_key            0x0120a6   0xff  Code  Lc  aes.o [1]
copy_block              0x01384a   0xa5  Code  Lc  aes.o [1]
crc16                   0x00a639   0x4c  Code  Lc  lwan_config.o [1]
digits                  0x0088c1   0x25  Data  Lc  xstoul.o [5]
div                     0x0160b3   0x34  Code  Gb  div.o [5]
eeprom_write            0x00a6d7   0x5c  Code  Lc  lwan_config.o [1]
encrypt_lwan_dev_keys   0x011b86  0x112  Code  Gb  lwan_config.o [1]
exit                    0x00ec68    0x4  Code  Gb  exit.o [5]
floor                   0x015ba2   0x46  Code  Gb  floor.o [5]
gPaOptSetting           0x000d6f    0x1  Data  Gb  sx1262-board.o [1]
g_ack_index             0x000cc3    0x4  Data  Lc  linkwan.o [1]
g_at_table              0x000010   0x7d  Data  Lc  at_command.o [1]
g_atcmd_processing      0x000d6e    0x1  Data  Gb  stm8l15x_it.o [1]
g_data_send_msg_type    0x00009c    0x1  Data  Lc  linkwan.o [1]
g_data_send_nbtrials    0x000d4d    0x1  Data  Lc  linkwan.o [1]
g_freqband_num          0x000d4e    0x1  Data  Lc  linkwan.o [1]
g_log_level             0x0000c0    0x1  Data  Gb  main.o [1]
g_lpm_status            0x000d48    0x1  Data  Gb  at_command.o [1]
g_lwan_dev_config       0x000bdb    0xf  Data  Lc  lwan_config.o [1]
g_lwan_dev_config_p     0x000d1c    0x2  Data  Lc  linkwan.o [1]
g_lwan_dev_keys         0x0009c9   0x5a  Data  Lc  lwan_config.o [1]
g_lwan_dev_keys_p       0x000d20    0x2  Data  Lc  linkwan.o [1]
g_lwan_device_state     0x000d4f    0x1  Data  Gb  linkwan.o [1]
g_lwan_device_status    0x000d50    0x1  Data  Lc  linkwan.o [1]
g_lwan_mac_config       0x000b49   0x16  Data  Lc  lwan_config.o [1]
g_lwan_mac_config_p     0x000d1e    0x2  Data  Lc  linkwan.o [1]
get_freqband_num        0x01662b   0x28  Code  Lc  linkwan.o [1]
get_next_freqband       0x01544b   0x56  Code  Lc  linkwan.o [1]
get_next_freqband       0x00a685   0x52  Code  Lc  lwan_config.o [1]
gfm2_sbox               0x00829c  0x100  Data  Lc  aes.o [1]
gfm3_sbox               0x00839c  0x100  Data  Lc  aes.o [1]
hex2bin                 0x0142af   0x8c  Code  Lc  at_command.o [1]
internal_Pow            0x00cb2f  0x358  Code  Lc  pow.o [5]
linkwan_at_init         0x00ea00    0x8  Code  Gb  at_command.o [1]
linkwan_at_process      0x00dc22  0x236  Code  Gb  at_command.o [1]
linkwan_at_prompt_print
                        0x016d8b   0x19  Code  Gb  at_command.o [1]
lora_fsm                0x00d1f0  0x2fb  Code  Gb  linkwan.o [1]
lora_init               0x016e66   0x17  Code  Gb  linkwan.o [1]
lwan_data_recv          0x0167cd   0x24  Code  Gb  linkwan.o [1]
lwan_data_send          0x0154f6   0x54  Code  Gb  linkwan.o [1]
lwan_dev_config_get     0x00a95c   0x64  Code  Gb  lwan_config.o [1]
lwan_dev_config_init    0x00a8d3   0x5d  Code  Gb  lwan_config.o [1]
lwan_dev_config_set     0x00a9c0  0x1b7  Code  Gb  lwan_config.o [1]
lwan_dev_keys_get       0x0121a5   0xfa  Code  Gb  lwan_config.o [1]
lwan_dev_keys_init      0x00a863   0x70  Code  Gb  lwan_config.o [1]
lwan_dev_keys_set       0x010afd  0x170  Code  Gb  lwan_config.o [1]
lwan_dev_params_update  0x00a7e8   0x73  Code  Gb  lwan_config.o [1]
lwan_dev_state_set      0x016dbd   0x19  Code  Gb  linkwan.o [1]
lwan_dev_status_get     0x00ec38    0x4  Code  Gb  linkwan.o [1]
lwan_dev_status_set     0x00ebb9    0x6  Code  Gb  linkwan.o [1]
lwan_join               0x01262e   0xdb  Code  Gb  linkwan.o [1]
lwan_mac_config_get     0x00ac18   0xd0  Code  Gb  lwan_config.o [1]
lwan_mac_config_init    0x00aba8   0x5d  Code  Gb  lwan_config.o [1]
lwan_mac_config_set     0x00ace8  0x1d9  Code  Gb  lwan_config.o [1]
lwan_mac_params_update  0x00a753   0x95  Code  Gb  lwan_config.o [1]
lwan_mac_req_send       0x01647e   0x2d  Code  Gb  linkwan.o [1]
main                    0x0171fd   0x11  Code  Gb  main.o [1]
mcps_confirm            0x014ede   0x60  Code  Lc  linkwan.o [1]
mcps_indication         0x00e47d  0x1d6  Code  Lc  linkwan.o [1]
memcmp                  0x016339   0x30  Code  Gb  memcmp.o [5]
memcpy                  0x01698c   0x20  Code  Gb  memcpy.o [5]
memcpy1                 0x016d71   0x1a  Code  Gb  utilities.o [1]
memcpyr                 0x0166cb   0x27  Code  Gb  utilities.o [1]
memset                  0x016f77   0x16  Code  Gb  memset.o [5]
memset1                 0x01714c   0x13  Code  Gb  utilities.o [1]
misoIndex               0x000d3c    0x2  Data  Gb  spi-board.o [1]
mix_sub_columns         0x00d9d8  0x24a  Code  Lc  aes.o [1]
mlme_confirm            0x010350  0x191  Code  Lc  linkwan.o [1]
mlme_indication         0x01786c    0xa  Code  Lc  linkwan.o [1]
mosiIndex               0x000d3a    0x2  Data  Gb  spi-board.o [1]
ndigs                   0x0088e6   0x25  Data  Lc  xstoul.o [5]
next                    0x000128    0x4  Data  Lc  utilities.o [1]
next_tx                 0x00009a    0x1  Data  Lc  linkwan.o [1]
nssIndex                0x000d40    0x2  Data  Gb  spi-board.o [1]
on_tx_next_packet_timer_event
                        0x0167a9   0x24  Code  Lc  linkwan.o [1]
pad                     0x015d30   0x3d  Code  Lc  xprintffull.o [5]
pow                     0x00ce9e    0x5  Code  Gb  pow.o [5]
print_dev_info          0x00cea3  0x34d  Code  Lc  linkwan.o [1]
printf                  0x01685d   0x24  Code  Gb  printf.o [5]
putchar                 0x016761   0x24  Code  Gb  board.o [1]
rand1                   0x017336   0x10  Code  Gb  utilities.o [1]
randr                   0x0157d0   0x4f  Code  Gb  utilities.o [1]
rejoin_flag             0x00009b    0x1  Data  Lc  linkwan.o [1]
round                   0x0168e8   0x22  Code  Lc  rtc-board.o [3]
rx_buf                  0x0007c7   0x82  Data  Lc  linkwan.o [1]
rx_data                 0x000096    0x4  Data  Lc  linkwan.o [1]
sBlock                  0x000bcb   0x10  Data  Lc  LoRaMacCrypto.o [1]
sbox                    0x00819c  0x100  Data  Lc  aes.o [1]
scale                   0x015692   0x51  Code  Lc  xprintffull.o [5]
sclkIndex               0x000d3e    0x2  Data  Gb  spi-board.o [1]
send_frame              0x01308c   0xc0  Code  Lc  linkwan.o [1]
shift_sub_rows          0x0138ef   0xa5  Code  Lc  aes.o [1]
spi_port                0x000d38    0x2  Data  Gb  spi-board.o [1]
sprintf                 0x015c2d   0x44  Code  Gb  sprintf.o [5]
srand1                  0x00eb99    0x7  Code  Gb  utilities.o [1]
start_dutycycle_timer   0x0156e3   0x4f  Code  Lc  linkwan.o [1]
strlen                  0x0175a4    0xd  Code  Gb  strlen.o [5]
strncmp                 0x01604a   0x35  Code  Gb  strncmp.o [5]
tx_buf                  0x000745   0x82  Data  Lc  linkwan.o [1]
tx_data                 0x000092    0x4  Data  Lc  linkwan.o [1]
xor_block               0x012a59   0xcb  Code  Lc  aes.o [1]


[1] = D:\6_workSpace\55_lora\4_node\3_ASR6505\7_code\github\asr6505_sdk_at_lorawan\Projects\LoRaATCmd\EWSTM8\Debug\Obj
[2] = command line
[3] = asrlib.a
[4] = dbgstm8mmd.a
[5] = dlstm8mmn.a

  55 279 bytes of readonly  code memory
   3 986 bytes of readonly  data memory
   3 706 bytes of readwrite data memory

Errors: none
Warnings: none
